../JammerBox_Source/source/failures.c:166:6:output_CRK	16	static
../JammerBox_Source/source/failures.c:259:6:output_CAM	16	static
../JammerBox_Source/source/failures.c:370:6:output_CRK_no_failure	8	static
../JammerBox_Source/source/failures.c:379:6:output_CAM_no_failure	16	static
../JammerBox_Source/source/failures.c:396:6:output_CRK_RUN_OUT	16	static
../JammerBox_Source/source/failures.c:432:6:CRK_RUN_OUT_reset	4	static
../JammerBox_Source/source/failures.c:439:6:output_CAM_PER	24	static
../JammerBox_Source/source/failures.c:468:6:CAM_PER_reset	8	static
../JammerBox_Source/source/failures.c:488:6:output_CRK_TOOTH_PER	8	static
../JammerBox_Source/source/failures.c:495:6:CRK_TOOTH_PER_reset	8	static
../JammerBox_Source/source/failures.c:514:6:Output_CAM_delay	16	static
../JammerBox_Source/source/failures.c:601:6:CAM_delay	64	static
../JammerBox_Source/source/failures.c:705:6:CAM_delay_counter	48	static
../JammerBox_Source/source/failures.c:776:6:CAM_delay_reset	16	static
../JammerBox_Source/source/failures.c:806:6:output_CRK_TOOTH_OFF	8	static
../JammerBox_Source/source/failures.c:850:6:CRK_TOOTH_OFF_reset	4	static
../JammerBox_Source/source/failures.c:856:6:output_CRK_GAP_NOT_DET	16	static
../JammerBox_Source/source/failures.c:881:6:CRK_GAP_NOT_DET_reset	4	static
../JammerBox_Source/source/failures.c:887:6:output_SEG_ADP_ER_LIM	32	static
../JammerBox_Source/source/failures.c:919:6:SEG_ADP_ER_LIM_reset	8	static
../JammerBox_Source/source/failures.c:929:6:output_CRK_pulse_duration	8	static
../JammerBox_Source/source/failures.c:937:6:CRK_pulse_duration_reset	8	static
../JammerBox_Source/source/failures.c:943:6:output_POSN_ENG_STST	8	static
../JammerBox_Source/source/failures.c:958:6:POSN_ENG_STST_reset	4	static
../JammerBox_Source/source/failures.c:964:6:output_CAM_PAT_ERR	16	static
../JammerBox_Source/source/failures.c:1025:6:CAM_PAT_ERR_reset	8	static
../JammerBox_Source/source/failures.c:1033:6:output_SC_CAM_CRK	16	static
../JammerBox_Source/source/failures.c:1076:6:SC_CAM_CRK_reset	8	static
../JammerBox_Source/source/failures.c:1084:6:failure_processing	16	static
../JammerBox_Source/source/failures.c:1152:6:failure_synch_reset	16	static
../JammerBox_Source/source/failures.c:1175:8:former_teeth_time_calculation	32	static
../JammerBox_Source/source/failures.c:1189:8:former_teeth_time_calculation_output	32	static
