../Drivers/CMSIS/Include/core_cm3.h:1639:22:__NVIC_SetPriority	16	static
../JammerBox_Source/source/timer.c:51:6:Systick_SetPeriod	32	static
../JammerBox_Source/source/timer.c:85:6:SysTickInit	8	static
../JammerBox_Source/source/timer.c:103:6:TIM1_Reset	8	static
../JammerBox_Source/source/timer.c:112:6:TIM2_Reset	8	static
../JammerBox_Source/source/timer.c:120:6:TIM_Soft_Start	8	static
../JammerBox_Source/source/timer.c:130:6:TIM_Soft_Stop	8	static
../JammerBox_Source/source/timer.c:143:6:TIM_Soft_Reset	4	static
../JammerBox_Source/source/timer.c:151:5:TIM_Soft_GetCounter	16	static
../JammerBox_Source/source/timer.c:168:5:GetTimestamp	24	static
