Archive member included to satisfy reference by file (symbol)

c:/st/stm32cubeide_1.9.0/stm32cubeide/plugins/com.st.stm32cube.ide.mcu.externaltools.gnu-tools-for-stm32.10.3-2021.10.win32_1.0.0.202111181127/tools/bin/../lib/gcc/arm-none-eabi/10.3.1/../../../../arm-none-eabi/lib/thumb/v7-m/nofp\libc_nano.a(lib_a-atof.o)
                              ./JammerBox_Source/source/usart_soft.o (atof)
c:/st/stm32cubeide_1.9.0/stm32cubeide/plugins/com.st.stm32cube.ide.mcu.externaltools.gnu-tools-for-stm32.10.3-2021.10.win32_1.0.0.202111181127/tools/bin/../lib/gcc/arm-none-eabi/10.3.1/../../../../arm-none-eabi/lib/thumb/v7-m/nofp\libc_nano.a(lib_a-atoi.o)
                              ./JammerBox_Source/source/usart_soft.o (atoi)
c:/st/stm32cubeide_1.9.0/stm32cubeide/plugins/com.st.stm32cube.ide.mcu.externaltools.gnu-tools-for-stm32.10.3-2021.10.win32_1.0.0.202111181127/tools/bin/../lib/gcc/arm-none-eabi/10.3.1/../../../../arm-none-eabi/lib/thumb/v7-m/nofp\libc_nano.a(lib_a-errno.o)
                              ./Core/Src/syscalls.o (__errno)
c:/st/stm32cubeide_1.9.0/stm32cubeide/plugins/com.st.stm32cube.ide.mcu.externaltools.gnu-tools-for-stm32.10.3-2021.10.win32_1.0.0.202111181127/tools/bin/../lib/gcc/arm-none-eabi/10.3.1/../../../../arm-none-eabi/lib/thumb/v7-m/nofp\libc_nano.a(lib_a-exit.o)
                              c:/st/stm32cubeide_1.9.0/stm32cubeide/plugins/com.st.stm32cube.ide.mcu.externaltools.gnu-tools-for-stm32.10.3-2021.10.win32_1.0.0.202111181127/tools/bin/../lib/gcc/arm-none-eabi/10.3.1/../../../../arm-none-eabi/lib/thumb/v7-m/nofp/crt0.o (exit)
c:/st/stm32cubeide_1.9.0/stm32cubeide/plugins/com.st.stm32cube.ide.mcu.externaltools.gnu-tools-for-stm32.10.3-2021.10.win32_1.0.0.202111181127/tools/bin/../lib/gcc/arm-none-eabi/10.3.1/../../../../arm-none-eabi/lib/thumb/v7-m/nofp\libc_nano.a(lib_a-impure.o)
                              c:/st/stm32cubeide_1.9.0/stm32cubeide/plugins/com.st.stm32cube.ide.mcu.externaltools.gnu-tools-for-stm32.10.3-2021.10.win32_1.0.0.202111181127/tools/bin/../lib/gcc/arm-none-eabi/10.3.1/../../../../arm-none-eabi/lib/thumb/v7-m/nofp\libc_nano.a(lib_a-exit.o) (_global_impure_ptr)
c:/st/stm32cubeide_1.9.0/stm32cubeide/plugins/com.st.stm32cube.ide.mcu.externaltools.gnu-tools-for-stm32.10.3-2021.10.win32_1.0.0.202111181127/tools/bin/../lib/gcc/arm-none-eabi/10.3.1/../../../../arm-none-eabi/lib/thumb/v7-m/nofp\libc_nano.a(lib_a-init.o)
                              c:/st/stm32cubeide_1.9.0/stm32cubeide/plugins/com.st.stm32cube.ide.mcu.externaltools.gnu-tools-for-stm32.10.3-2021.10.win32_1.0.0.202111181127/tools/bin/../lib/gcc/arm-none-eabi/10.3.1/../../../../arm-none-eabi/lib/thumb/v7-m/nofp/crt0.o (__libc_init_array)
c:/st/stm32cubeide_1.9.0/stm32cubeide/plugins/com.st.stm32cube.ide.mcu.externaltools.gnu-tools-for-stm32.10.3-2021.10.win32_1.0.0.202111181127/tools/bin/../lib/gcc/arm-none-eabi/10.3.1/../../../../arm-none-eabi/lib/thumb/v7-m/nofp\libc_nano.a(lib_a-malloc.o)
                              ./JammerBox_Source/source/signal_saving.o (malloc)
c:/st/stm32cubeide_1.9.0/stm32cubeide/plugins/com.st.stm32cube.ide.mcu.externaltools.gnu-tools-for-stm32.10.3-2021.10.win32_1.0.0.202111181127/tools/bin/../lib/gcc/arm-none-eabi/10.3.1/../../../../arm-none-eabi/lib/thumb/v7-m/nofp\libc_nano.a(lib_a-memset.o)
                              c:/st/stm32cubeide_1.9.0/stm32cubeide/plugins/com.st.stm32cube.ide.mcu.externaltools.gnu-tools-for-stm32.10.3-2021.10.win32_1.0.0.202111181127/tools/bin/../lib/gcc/arm-none-eabi/10.3.1/../../../../arm-none-eabi/lib/thumb/v7-m/nofp/crt0.o (memset)
c:/st/stm32cubeide_1.9.0/stm32cubeide/plugins/com.st.stm32cube.ide.mcu.externaltools.gnu-tools-for-stm32.10.3-2021.10.win32_1.0.0.202111181127/tools/bin/../lib/gcc/arm-none-eabi/10.3.1/../../../../arm-none-eabi/lib/thumb/v7-m/nofp\libc_nano.a(lib_a-nano-freer.o)
                              c:/st/stm32cubeide_1.9.0/stm32cubeide/plugins/com.st.stm32cube.ide.mcu.externaltools.gnu-tools-for-stm32.10.3-2021.10.win32_1.0.0.202111181127/tools/bin/../lib/gcc/arm-none-eabi/10.3.1/../../../../arm-none-eabi/lib/thumb/v7-m/nofp\libc_nano.a(lib_a-malloc.o) (_free_r)
c:/st/stm32cubeide_1.9.0/stm32cubeide/plugins/com.st.stm32cube.ide.mcu.externaltools.gnu-tools-for-stm32.10.3-2021.10.win32_1.0.0.202111181127/tools/bin/../lib/gcc/arm-none-eabi/10.3.1/../../../../arm-none-eabi/lib/thumb/v7-m/nofp\libc_nano.a(lib_a-nano-mallocr.o)
                              c:/st/stm32cubeide_1.9.0/stm32cubeide/plugins/com.st.stm32cube.ide.mcu.externaltools.gnu-tools-for-stm32.10.3-2021.10.win32_1.0.0.202111181127/tools/bin/../lib/gcc/arm-none-eabi/10.3.1/../../../../arm-none-eabi/lib/thumb/v7-m/nofp\libc_nano.a(lib_a-malloc.o) (_malloc_r)
c:/st/stm32cubeide_1.9.0/stm32cubeide/plugins/com.st.stm32cube.ide.mcu.externaltools.gnu-tools-for-stm32.10.3-2021.10.win32_1.0.0.202111181127/tools/bin/../lib/gcc/arm-none-eabi/10.3.1/../../../../arm-none-eabi/lib/thumb/v7-m/nofp\libc_nano.a(lib_a-printf.o)
[...]
Memory Configuration

Name             Origin             Length             Attributes
RAM              0x0000000020000000 0x0000000000005000 xrw
FLASH            0x0000000008000000 0x0000000000020000 xr
*default*        0x0000000000000000 0xffffffffffffffff

Linker script and memory map

LOAD c:/st/stm32cubeide_1.9.0/stm32cubeide/plugins/com.st.stm32cube.ide.mcu.externaltools.gnu-tools-for-stm32.10.3-2021.10.win32_1.0.0.202111181127/tools/bin/../lib/gcc/arm-none-eabi/10.3.1/thumb/v7-m/nofp/crti.o
LOAD c:/st/stm32cubeide_1.9.0/stm32cubeide/plugins/com.st.stm32cube.ide.mcu.externaltools.gnu-tools-for-stm32.10.3-2021.10.win32_1.0.0.202111181127/tools/bin/../lib/gcc/arm-none-eabi/10.3.1/thumb/v7-m/nofp/crtbegin.o
LOAD c:/st/stm32cubeide_1.9.0/stm32cubeide/plugins/com.st.stm32cube.ide.mcu.externaltools.gnu-tools-for-stm32.10.3-2021.10.win32_1.0.0.202111181127/tools/bin/../lib/gcc/arm-none-eabi/10.3.1/../../../../arm-none-eabi/lib/thumb/v7-m/nofp/crt0.o
LOAD ./Core/Src/gpio.o
LOAD ./Core/Src/main.o
LOAD ./Core/Src/stm32f1xx_hal_msp.o
LOAD ./Core/Src/stm32f1xx_it.o
LOAD ./Core/Src/syscalls.o
LOAD ./Core/Src/sysmem.o
LOAD ./Core/Src/system_stm32f1xx.o
LOAD ./Core/Src/tim.o
LOAD ./Core/Src/usart.o
LOAD ./Core/Startup/startup_stm32f103rbtx.o
LOAD ./Drivers/STM32F1xx_HAL_Driver/Src/stm32f1xx_hal.o
LOAD ./Drivers/STM32F1xx_HAL_Driver/Src/stm32f1xx_hal_cortex.o
LOAD ./Drivers/STM32F1xx_HAL_Driver/Src/stm32f1xx_hal_dma.o
LOAD ./Drivers/STM32F1xx_HAL_Driver/Src/stm32f1xx_hal_exti.o
LOAD ./Drivers/STM32F1xx_HAL_Driver/Src/stm32f1xx_hal_flash.o
LOAD ./Drivers/STM32F1xx_HAL_Driver/Src/stm32f1xx_hal_flash_ex.o
LOAD ./Drivers/STM32F1xx_HAL_Driver/Src/stm32f1xx_hal_gpio.o
LOAD ./Drivers/STM32F1xx_HAL_Driver/Src/stm32f1xx_hal_gpio_ex.o
LOAD ./Drivers/STM32F1xx_HAL_Driver/Src/stm32f1xx_hal_pwr.o
LOAD ./Drivers/STM32F1xx_HAL_Driver/Src/stm32f1xx_hal_rcc.o
LOAD ./Drivers/STM32F1xx_HAL_Driver/Src/stm32f1xx_hal_rcc_ex.o
LOAD ./Drivers/STM32F1xx_HAL_Driver/Src/stm32f1xx_hal_tim.o
LOAD ./Drivers/STM32F1xx_HAL_Driver/Src/stm32f1xx_hal_tim_ex.o
LOAD ./Drivers/STM32F1xx_HAL_Driver/Src/stm32f1xx_hal_uart.o
LOAD ./JammerBox_Source/source/failures.o
LOAD ./JammerBox_Source/source/signal_saving.o
LOAD ./JammerBox_Source/source/synchronization.o
LOAD ./JammerBox_Source/source/system_configuration.o
LOAD ./JammerBox_Source/source/timer.o
LOAD ./JammerBox_Source/source/usart_soft.o
START GROUP
LOAD c:/st/stm32cubeide_1.9.0/stm32cubeide/plugins/com.st.stm32cube.ide.mcu.externaltools.gnu-tools-for-stm32.10.3-2021.10.win32_1.0.0.202111181127/tools/bin/../lib/gcc/arm-none-eabi/10.3.1/../../../../arm-none-eabi/lib/thumb/v7-m/nofp\libc_nano.a
LOAD c:/st/stm32cubeide_1.9.0/stm32cubeide/plugins/com.st.stm32cube.ide.mcu.externaltools.gnu-tools-for-stm32.10.3-2021.10.win32_1.0.0.202111181127/tools/bin/../lib/gcc/arm-none-eabi/10.3.1/../../../../arm-none-eabi/lib/thumb/v7-m/nofp\libm.a
END GROUP
START GROUP
LOAD c:/st/stm32cubeide_1.9.0/stm32cubeide/plugins/com.st.stm32cube.ide.mcu.externaltools.gnu-tools-for-stm32.10.3-2021.10.win32_1.0.0.202111181127/tools/bin/../lib/gcc/arm-none-eabi/10.3.1/thumb/v7-m/nofp\libgcc.a
LOAD c:/st/stm32cubeide_1.9.0/stm32cubeide/plugins/com.st.stm32cube.ide.mcu.externaltools.gnu-tools-for-stm32.10.3-2021.10.win32_1.0.0.202111181127/tools/bin/../lib/gcc/arm-none-eabi/10.3.1/../../../../arm-none-eabi/lib/thumb/v7-m/nofp\libc_nano.a
END GROUP
START GROUP
LOAD c:/st/stm32cubeide_1.9.0/stm32cubeide/plugins/com.st.stm32cube.ide.mcu.externaltools.gnu-tools-for-stm32.10.3-2021.10.win32_1.0.0.202111181127/tools/bin/../lib/gcc/arm-none-eabi/10.3.1/thumb/v7-m/nofp\libgcc.a
LOAD c:/st/stm32cubeide_1.9.0/stm32cubeide/plugins/com.st.stm32cube.ide.mcu.externaltools.gnu-tools-for-stm32.10.3-2021.10.win32_1.0.0.202111181127/tools/bin/../lib/gcc/arm-none-eabi/10.3.1/../../../../arm-none-eabi/lib/thumb/v7-m/nofp\libc_nano.a
LOAD c:/st/stm32cubeide_1.9.0/stm32cubeide/plugins/com.st.stm32cube.ide.mcu.externaltools.gnu-tools-for-stm32.10.3-2021.10.win32_1.0.0.202111181127/tools/bin/../lib/gcc/arm-none-eabi/10.3.1/../../../../arm-none-eabi/lib/thumb/v7-m/nofp\libnosys.a
END GROUP
START GROUP
LOAD c:/st/stm32cubeide_1.9.0/stm32cubeide/plugins/com.st.stm32cube.ide.mcu.externaltools.gnu-tools-for-stm32.10.3-2021.10.win32_1.0.0.202111181127/tools/bin/../lib/gcc/arm-none-eabi/10.3.1/thumb/v7-m/nofp\libgcc.a
LOAD c:/st/stm32cubeide_1.9.0/stm32cubeide/plugins/com.st.stm32cube.ide.mcu.externaltools.gnu-tools-for-stm32.10.3-2021.10.win32_1.0.0.202111181127/tools/bin/../lib/gcc/arm-none-eabi/10.3.1/../../../../arm-none-eabi/lib/thumb/v7-m/nofp\libc_nano.a
LOAD c:/st/stm32cubeide_1.9.0/stm32cubeide/plugins/com.st.stm32cube.ide.mcu.externaltools.gnu-tools-for-stm32.10.3-2021.10.win32_1.0.0.202111181127/tools/bin/../lib/gcc/arm-none-eabi/10.3.1/../../../../arm-none-eabi/lib/thumb/v7-m/nofp\libnosys.a
END GROUP
LOAD c:/st/stm32cubeide_1.9.0/stm32cubeide/plugins/com.st.stm32cube.ide.mcu.externaltools.gnu-tools-for-stm32.10.3-2021.10.win32_1.0.0.202111181127/tools/bin/../lib/gcc/arm-none-eabi/10.3.1/thumb/v7-m/nofp/crtend.o
LOAD c:/st/stm32cubeide_1.9.0/stm32cubeide/plugins/com.st.stm32cube.ide.mcu.externaltools.gnu-tools-for-stm32.10.3-2021.10.win32_1.0.0.202111181127/tools/bin/../lib/gcc/arm-none-eabi/10.3.1/thumb/v7-m/nofp/crtn.o
                0x0000000020005000                _estack = (ORIGIN (RAM) + LENGTH (RAM))
                0x0000000000000200                _Min_Heap_Size = 0x200
                0x0000000000000400                _Min_Stack_Size = 0x400

.isr_vector     0x0000000008000000      0x10c
                0x0000000008000000                . = ALIGN (0x4)
 *(.isr_vector)
 .isr_vector    0x0000000008000000      0x10c ./Core/Startup/startup_stm32f103rbtx.o
                0x0000000008000000                g_pfnVectors
                0x000000000800010c                . = ALIGN (0x4)

.text           0x0000000008000110     0xbfb4
                0x0000000008000110                . = ALIGN (0x4)
 *(.text)
 .text          0x0000000008000110       0x40 c:/st/stm32cubeide_1.9.0/stm32cubeide/plugins/com.st.stm32cube.ide.mcu.externaltools.gnu-tools-for-stm32.10.3-2021.10.win32_1.0.0.202111181127/tools/bin/../lib/gcc/arm-none-eabi/10.3.1/thumb/v7-m/nofp/crtbegin.o
 .text          0x0000000008000150       0x10 c:/st/stm32cubeide_1.9.0/stm32cubeide/plugins/com.st.stm32cube.ide.mcu.externaltools.gnu-tools-for-stm32.10.3-2021.10.win32_1.0.0.202111181127/tools/bin/../lib/gcc/arm-none-eabi/10.3.1/../../../../arm-none-eabi/lib/thumb/v7-m/nofp\libc_nano.a(lib_a-strlen.o)
                0x0000000008000150                strlen
 .text          0x0000000008000160      0x378 c:/st/stm32cubeide_1.9.0/stm32cubeide/plugins/com.st.stm32cube.ide.mcu.externaltools.gnu-tools-for-stm32.10.3-2021.10.win32_1.0.0.202111181127/tools/bin/../lib/gcc/arm-none-eabi/10.3.1/thumb/v7-m/nofp\libgcc.a(_arm_addsubdf3.o)
                0x0000000008000160                __aeabi_drsub
                0x0000000008000168                __aeabi_dsub
                0x0000000008000168                __subdf3
                0x000000000800016c                __aeabi_dadd
                0x000000000800016c                __adddf3
                0x00000000080003e4                __floatunsidf
                0x00000000080003e4                __aeabi_ui2d
                0x0000000008000404                __floatsidf
                0x0000000008000404                __aeabi_i2d
                0x0000000008000428                __aeabi_f2d
                0x0000000008000428                __extendsfdf2
                0x000000000800046c                __floatundidf
                0x000000000800046c                __aeabi_ul2d
                0x000000000800047c                __floatdidf
                0x000000000800047c                __aeabi_l2d
 .text          0x00000000080004d8      0x424 c:/st/stm32cubeide_1.9.0/stm32cubeide/plugins/com.st.stm32cube.ide.mcu.externaltools.gnu-tools-for-stm32.10.3-2021.10.win32_1.0.0.202111181127/tools/bin/../lib/gcc/arm-none-eabi/10.3.1/thumb/v7-m/nofp\libgcc.a(_arm_muldivdf3.o)
                0x00000000080004d8                __aeabi_dmul
                0x00000000080004d8                __muldf3
                0x000000000800072c                __divdf3
                0x000000000800072c                __aeabi_ddiv
 .text          0x00000000080008fc      0x110 c:/st/stm32cubeide_1.9.0/stm32cubeide/plugins/com.st.stm32cube.ide.mcu.externaltools.gnu-tools-for-stm32.10.3-2021.10.win32_1.0.0.202111181127/tools/bin/../lib/gcc/arm-none-eabi/10.3.1/thumb/v7-m/nofp\libgcc.a(_arm_cmpdf2.o)
                0x00000000080008fc                __gtdf2
                0x00000000080008fc                __gedf2
                0x0000000008000904                __ltdf2
                0x0000000008000904                __ledf2
                0x000000000800090c                __nedf2
                0x000000000800090c                __eqdf2
                0x000000000800090c                __cmpdf2
                0x0000000008000988                __aeabi_cdrcmple
                0x0000000008000998                __aeabi_cdcmpeq
                0x0000000008000998                __aeabi_cdcmple
                0x00000000080009a8                __aeabi_dcmpeq
                0x00000000080009bc                __aeabi_dcmplt
                0x00000000080009d0                __aeabi_dcmple
                0x00000000080009e4                __aeabi_dcmpge
                0x00000000080009f8                __aeabi_dcmpgt
 .text          0x0000000008000a0c       0x50 c:/st/stm32cubeide_1.9.0/stm32cubeide/plugins/com.st.stm32cube.ide.mcu.externaltools.gnu-tools-for-stm32.10.3-2021.10.win32_1.0.0.202111181127/tools/bin/../lib/gcc/arm-none-eabi/10.3.1/thumb/v7-m/nofp\libgcc.a(_arm_fixdfsi.o)
                0x0000000008000a0c                __aeabi_d2iz
                0x0000000008000a0c                __fixdfsi
 .text          0x0000000008000a5c       0x40 c:/st/stm32cubeide_1.9.0/stm32cubeide/plugins/com.st.stm32cube.ide.mcu.externaltools.gnu-tools-for-stm32.10.3-2021.10.win32_1.0.0.202111181127/tools/bin/../lib/gcc/arm-none-eabi/10.3.1/thumb/v7-m/nofp\libgcc.a(_arm_fixunsdfsi.o)
                0x0000000008000a5c                __aeabi_d2uiz
                0x0000000008000a5c                __fixunsdfsi
 .text          0x0000000008000a9c      0x21c c:/st/stm32cubeide_1.9.0/stm32cubeide/plugins/com.st.stm32cube.ide.mcu.externaltools.gnu-tools-for-stm32.10.3-2021.10.win32_1.0.0.202111181127/tools/bin/../lib/gcc/arm-none-eabi/10.3.1/thumb/v7-m/nofp\libgcc.a(_arm_addsubsf3.o)
                0x0000000008000a9c                __aeabi_frsub
                0x0000000008000aa4                __subsf3
                0x0000000008000aa4                __aeabi_fsub
                0x0000000008000aa8                __aeabi_fadd
                0x0000000008000aa8                __addsf3
                0x0000000008000c08                __aeabi_ui2f
                0x0000000008000c08                __floatunsisf
                0x0000000008000c10                __aeabi_i2f
                0x0000000008000c10                __floatsisf
                0x0000000008000c2c                __aeabi_ul2f
                0x0000000008000c2c                __floatundisf
                0x0000000008000c3c                __aeabi_l2f
                0x0000000008000c3c                __floatdisf
 .text          0x0000000008000cb8      0x2a0 c:/st/stm32cubeide_1.9.0/stm32cubeide/plugins/com.st.stm32cube.ide.mcu.externaltools.gnu-tools-for-stm32.10.3-2021.10.win32_1.0.0.202111181127/tools/bin/../lib/gcc/arm-none-eabi/10.3.1/thumb/v7-m/nofp\libgcc.a(_arm_muldivsf3.o)
                0x0000000008000cb8                __mulsf3
                0x0000000008000cb8                __aeabi_fmul
                0x0000000008000e20                __aeabi_fdiv
                0x0000000008000e20                __divsf3
 .text          0x0000000008000f58       0xec c:/st/stm32cubeide_1.9.0/stm32cubeide/plugins/com.st.stm32cube.ide.mcu.externaltools.gnu-tools-for-stm32.10.3-2021.10.win32_1.0.0.202111181127/tools/bin/../lib/gcc/arm-none-eabi/10.3.1/thumb/v7-m/nofp\libgcc.a(_arm_cmpsf2.o)
                0x0000000008000f58                __gesf2
                0x0000000008000f58                __gtsf2
                0x0000000008000f60                __lesf2
                0x0000000008000f60                __ltsf2
                0x0000000008000f68                __nesf2
                0x0000000008000f68                __eqsf2
                0x0000000008000f68                __cmpsf2
                0x0000000008000fc8                __aeabi_cfrcmple
                0x0000000008000fd0                __aeabi_cfcmpeq
                0x0000000008000fd0                __aeabi_cfcmple
                0x0000000008000fe0                __aeabi_fcmpeq
                0x0000000008000ff4                __aeabi_fcmplt
                0x0000000008001008                __aeabi_fcmple
                0x000000000800101c                __aeabi_fcmpge
                0x0000000008001030                __aeabi_fcmpgt
 .text          0x0000000008001044       0x40 c:/st/stm32cubeide_1.9.0/stm32cubeide/plugins/com.st.stm32cube.ide.mcu.externaltools.gnu-tools-for-stm32.10.3-2021.10.win32_1.0.0.202111181127/tools/bin/../lib/gcc/arm-none-eabi/10.3.1/thumb/v7-m/nofp\libgcc.a(_arm_fixunssfsi.o)
                0x0000000008001044                __fixunssfsi
                0x0000000008001044                __aeabi_f2uiz
 .text          0x0000000008001084       0x34 c:/st/stm32cubeide_1.9.0/stm32cubeide/plugins/com.st.stm32cube.ide.mcu.externaltools.gnu-tools-for-stm32.10.3-2021.10.win32_1.0.0.202111181127/tools/bin/../lib/gcc/arm-none-eabi/10.3.1/thumb/v7-m/nofp\libgcc.a(_fixdfdi.o)
                0x0000000008001084                __fixdfdi
                0x0000000008001084                __aeabi_d2lz
 .text          0x00000000080010b8       0x3c c:/st/stm32cubeide_1.9.0/stm32cubeide/plugins/com.st.stm32cube.ide.mcu.externaltools.gnu-tools-for-stm32.10.3-2021.10.win32_1.0.0.202111181127/tools/bin/../lib/gcc/arm-none-eabi/10.3.1/thumb/v7-m/nofp\libgcc.a(_fixunsdfdi.o)
                0x00000000080010b8                __fixunsdfdi
                0x00000000080010b8                __aeabi_d2ulz
 *(.text*)
 .text.MX_GPIO_Init
                0x00000000080010f4       0xec ./Core/Src/gpio.o
                0x00000000080010f4                MX_GPIO_Init
 .text.__NVIC_SetPriority
                0x00000000080011e0       0x54 ./Core/Src/main.o
 .text.SysTick_Config
                0x0000000008001234       0x44 ./Core/Src/main.o
 .text.HAL_GPIO_EXTI_Callback
                0x0000000008001278      0x2ec ./Core/Src/main.o
                0x0000000008001278                HAL_GPIO_EXTI_Callback
 .text.HAL_TIM_PeriodElapsedCallback
                0x0000000008001564       0x50 ./Core/Src/main.o
                0x0000000008001564                HAL_TIM_PeriodElapsedCallback
 .text.TIM1_PeriodElapsedCallback
                0x00000000080015b4       0x1c ./Core/Src/main.o
                0x00000000080015b4                TIM1_PeriodElapsedCallback
 .text.TIM2_PeriodElapsedCallback
                0x00000000080015d0       0x1c ./Core/Src/main.o
                0x00000000080015d0                TIM2_PeriodElapsedCallback
 .text.TIM3_PeriodElapsedCallback
                0x00000000080015ec       0xdc ./Core/Src/main.o
                0x00000000080015ec                TIM3_PeriodElapsedCallback
 .text.TIM4_PeriodElapsedCallback
                0x00000000080016c8      0x150 ./Core/Src/main.o
                0x00000000080016c8                TIM4_PeriodElapsedCallback
 .text.HAL_UART_RxCpltCallback
                0x0000000008001818      0x140 ./Core/Src/main.o
                0x0000000008001818                HAL_UART_RxCpltCallback
 .text.main     0x0000000008001958      0x158 ./Core/Src/main.o
                0x0000000008001958                main
 .text.SystemClock_Config
                0x0000000008001ab0       0x82 ./Core/Src/main.o
                0x0000000008001ab0                SystemClock_Config
 *fill*         0x0000000008001b32        0x2 
 .text.Error_Handler
                0x0000000008001b34       0x2c ./Core/Src/main.o
                0x0000000008001b34                Error_Handler
 .text.HAL_MspInit
                0x0000000008001b60       0x64 ./Core/Src/stm32f1xx_hal_msp.o
                0x0000000008001b60                HAL_MspInit
 .text.NMI_Handler
                0x0000000008001bc4        0x6 ./Core/Src/stm32f1xx_it.o
                0x0000000008001bc4                NMI_Handler
 .text.HardFault_Handler
                0x0000000008001bca        0x6 ./Core/Src/stm32f1xx_it.o
                0x0000000008001bca                HardFault_Handler
 .text.MemManage_Handler
                0x0000000008001bd0        0x6 ./Core/Src/stm32f1xx_it.o
                0x0000000008001bd0                MemManage_Handler
 .text.BusFault_Handler
                0x0000000008001bd6        0x6 ./Core/Src/stm32f1xx_it.o
                0x0000000008001bd6                BusFault_Handler
 .text.UsageFault_Handler
                0x0000000008001bdc        0x6 ./Core/Src/stm32f1xx_it.o
                0x0000000008001bdc                UsageFault_Handler
 .text.SVC_Handler
                0x0000000008001be2        0xc ./Core/Src/stm32f1xx_it.o
                0x0000000008001be2                SVC_Handler
 .text.DebugMon_Handler
                0x0000000008001bee        0xc ./Core/Src/stm32f1xx_it.o
                0x0000000008001bee                DebugMon_Handler
 .text.PendSV_Handler
                0x0000000008001bfa        0xc ./Core/Src/stm32f1xx_it.o
                0x0000000008001bfa                PendSV_Handler
 *fill*         0x0000000008001c06        0x2 
 .text.SysTick_Handler
                0x0000000008001c08       0x28 ./Core/Src/stm32f1xx_it.o
                0x0000000008001c08                SysTick_Handler
 .text.EXTI9_5_IRQHandler
                0x0000000008001c30       0x18 ./Core/Src/stm32f1xx_it.o
                0x0000000008001c30                EXTI9_5_IRQHandler
 .text.TIM1_UP_IRQHandler
                0x0000000008001c48       0x14 ./Core/Src/stm32f1xx_it.o
                0x0000000008001c48                TIM1_UP_IRQHandler
 .text.TIM2_IRQHandler
                0x0000000008001c5c       0x14 ./Core/Src/stm32f1xx_it.o
                0x0000000008001c5c                TIM2_IRQHandler
 .text.TIM3_IRQHandler
                0x0000000008001c70       0x14 ./Core/Src/stm32f1xx_it.o
                0x0000000008001c70                TIM3_IRQHandler
 .text.TIM4_IRQHandler
                0x0000000008001c84       0x14 ./Core/Src/stm32f1xx_it.o
                0x0000000008001c84                TIM4_IRQHandler
 .text.USART1_IRQHandler
                0x0000000008001c98       0x18 ./Core/Src/stm32f1xx_it.o
                0x0000000008001c98                USART1_IRQHandler
 .text.EXTI15_10_IRQHandler
                0x0000000008001cb0       0x28 ./Core/Src/stm32f1xx_it.o
                0x0000000008001cb0                EXTI15_10_IRQHandler
 .text._getpid  0x0000000008001cd8        0xe ./Core/Src/syscalls.o
                0x0000000008001cd8                _getpid
 .text._kill    0x0000000008001ce6       0x20 ./Core/Src/syscalls.o
                0x0000000008001ce6                _kill
 .text._exit    0x0000000008001d06       0x14 ./Core/Src/syscalls.o
                0x0000000008001d06                _exit
 .text._read    0x0000000008001d1a       0x3a ./Core/Src/syscalls.o
                0x0000000008001d1a                _read
 .text._write   0x0000000008001d54       0x38 ./Core/Src/syscalls.o
                0x0000000008001d54                _write
 .text._close   0x0000000008001d8c       0x16 ./Core/Src/syscalls.o
                0x0000000008001d8c                _close
 .text._fstat   0x0000000008001da2       0x1e ./Core/Src/syscalls.o
                0x0000000008001da2                _fstat
 .text._isatty  0x0000000008001dc0       0x14 ./Core/Src/syscalls.o
                0x0000000008001dc0                _isatty
 .text._lseek   0x0000000008001dd4       0x18 ./Core/Src/syscalls.o
                0x0000000008001dd4                _lseek
 .text._sbrk    0x0000000008001dec       0x6c ./Core/Src/sysmem.o
                0x0000000008001dec                _sbrk
 .text.SystemInit
                0x0000000008001e58        0xc ./Core/Src/system_stm32f1xx.o
                0x0000000008001e58                SystemInit
 .text.MX_TIM1_Init
                0x0000000008001e64       0xa0 ./Core/Src/tim.o
                0x0000000008001e64                MX_TIM1_Init
 .text.MX_TIM2_Init
                0x0000000008001f04       0x9c ./Core/Src/tim.o
                0x0000000008001f04                MX_TIM2_Init
 .text.MX_TIM3_Init
                0x0000000008001fa0       0x9c ./Core/Src/tim.o
                0x0000000008001fa0                MX_TIM3_Init
 .text.MX_TIM4_Init
                0x000000000800203c       0x9c ./Core/Src/tim.o
                0x000000000800203c                MX_TIM4_Init
 .text.HAL_TIM_Base_MspInit
                0x00000000080020d8       0xf0 ./Core/Src/tim.o
                0x00000000080020d8                HAL_TIM_Base_MspInit
 .text.MX_USART1_UART_Init
                0x00000000080021c8       0x54 ./Core/Src/usart.o
                0x00000000080021c8                MX_USART1_UART_Init
 .text.HAL_UART_MspInit
                0x000000000800221c       0xa8 ./Core/Src/usart.o
                0x000000000800221c                HAL_UART_MspInit
 .text.Reset_Handler
                0x00000000080022c4       0x48 ./Core/Startup/startup_stm32f103rbtx.o
                0x00000000080022c4                Reset_Handler
 .text.Default_Handler
                0x000000000800230c        0x2 ./Core/Startup/startup_stm32f103rbtx.o
                0x000000000800230c                RTC_Alarm_IRQHandler
                0x000000000800230c                EXTI2_IRQHandler
                0x000000000800230c                TIM1_CC_IRQHandler
                0x000000000800230c                PVD_IRQHandler
                0x000000000800230c                EXTI3_IRQHandler
                0x000000000800230c                EXTI0_IRQHandler
                0x000000000800230c                I2C2_EV_IRQHandler
                0x000000000800230c                ADC1_2_IRQHandler
                0x000000000800230c                SPI1_IRQHandler
                0x000000000800230c                TAMPER_IRQHandler
                0x000000000800230c                DMA1_Channel4_IRQHandler
                0x000000000800230c                USART3_IRQHandler
                0x000000000800230c                RTC_IRQHandler
                0x000000000800230c                DMA1_Channel7_IRQHandler
                0x000000000800230c                CAN1_RX1_IRQHandler
                0x000000000800230c                I2C1_EV_IRQHandler
                0x000000000800230c                DMA1_Channel6_IRQHandler
                0x000000000800230c                RCC_IRQHandler
                0x000000000800230c                TIM1_TRG_COM_IRQHandler
                0x000000000800230c                DMA1_Channel1_IRQHandler
                0x000000000800230c                Default_Handler
                0x000000000800230c                SPI2_IRQHandler
                0x000000000800230c                DMA1_Channel5_IRQHandler
                0x000000000800230c                EXTI4_IRQHandler
                0x000000000800230c                USB_LP_CAN1_RX0_IRQHandler
                0x000000000800230c                USB_HP_CAN1_TX_IRQHandler
                0x000000000800230c                DMA1_Channel3_IRQHandler
                0x000000000800230c                WWDG_IRQHandler
                0x000000000800230c                TIM1_BRK_IRQHandler
                0x000000000800230c                EXTI1_IRQHandler
                0x000000000800230c                USART2_IRQHandler
                0x000000000800230c                I2C2_ER_IRQHandler
                0x000000000800230c                DMA1_Channel2_IRQHandler
                0x000000000800230c                CAN1_SCE_IRQHandler
                0x000000000800230c                FLASH_IRQHandler
                0x000000000800230c                I2C1_ER_IRQHandler
                0x000000000800230c                USBWakeUp_IRQHandler
 *fill*         0x000000000800230e        0x2 
 .text.HAL_Init
                0x0000000008002310       0x2c ./Drivers/STM32F1xx_HAL_Driver/Src/stm32f1xx_hal.o
                0x0000000008002310                HAL_Init
 .text.HAL_InitTick
                0x000000000800233c       0x60 ./Drivers/STM32F1xx_HAL_Driver/Src/stm32f1xx_hal.o
                0x000000000800233c                HAL_InitTick
 .text.HAL_IncTick
                0x000000000800239c       0x24 ./Drivers/STM32F1xx_HAL_Driver/Src/stm32f1xx_hal.o
                0x000000000800239c                HAL_IncTick
 .text.HAL_GetTick
                0x00000000080023c0       0x14 ./Drivers/STM32F1xx_HAL_Driver/Src/stm32f1xx_hal.o
                0x00000000080023c0                HAL_GetTick
 .text.HAL_ResumeTick
                0x00000000080023d4       0x1c ./Drivers/STM32F1xx_HAL_Driver/Src/stm32f1xx_hal.o
                0x00000000080023d4                HAL_ResumeTick
 .text.__NVIC_SetPriorityGrouping
                0x00000000080023f0       0x48 ./Drivers/STM32F1xx_HAL_Driver/Src/stm32f1xx_hal_cortex.o
 .text.__NVIC_GetPriorityGrouping
                0x0000000008002438       0x1c ./Drivers/STM32F1xx_HAL_Driver/Src/stm32f1xx_hal_cortex.o
 .text.__NVIC_EnableIRQ
                0x0000000008002454       0x38 ./Drivers/STM32F1xx_HAL_Driver/Src/stm32f1xx_hal_cortex.o
 .text.__NVIC_SetPriority
                0x000000000800248c       0x54 ./Drivers/STM32F1xx_HAL_Driver/Src/stm32f1xx_hal_cortex.o
 .text.NVIC_EncodePriority
                0x00000000080024e0       0x64 ./Drivers/STM32F1xx_HAL_Driver/Src/stm32f1xx_hal_cortex.o
 .text.SysTick_Config
                0x0000000008002544       0x44 ./Drivers/STM32F1xx_HAL_Driver/Src/stm32f1xx_hal_cortex.o
 .text.HAL_NVIC_SetPriorityGrouping
                0x0000000008002588       0x16 ./Drivers/STM32F1xx_HAL_Driver/Src/stm32f1xx_hal_cortex.o
                0x0000000008002588                HAL_NVIC_SetPriorityGrouping
 .text.HAL_NVIC_SetPriority
                0x000000000800259e       0x38 ./Drivers/STM32F1xx_HAL_Driver/Src/stm32f1xx_hal_cortex.o
                0x000000000800259e                HAL_NVIC_SetPriority
 .text.HAL_NVIC_EnableIRQ
                0x00000000080025d6       0x1c ./Drivers/STM32F1xx_HAL_Driver/Src/stm32f1xx_hal_cortex.o
                0x00000000080025d6                HAL_NVIC_EnableIRQ
 .text.HAL_SYSTICK_Config
                0x00000000080025f2       0x18 ./Drivers/STM32F1xx_HAL_Driver/Src/stm32f1xx_hal_cortex.o
                0x00000000080025f2                HAL_SYSTICK_Config
 .text.HAL_DMA_Abort
                0x000000000800260a       0x74 ./Drivers/STM32F1xx_HAL_Driver/Src/stm32f1xx_hal_dma.o
                0x000000000800260a                HAL_DMA_Abort
 *fill*         0x000000000800267e        0x2 
 .text.HAL_DMA_Abort_IT
                0x0000000008002680       0xec ./Drivers/STM32F1xx_HAL_Driver/Src/stm32f1xx_hal_dma.o
                0x0000000008002680                HAL_DMA_Abort_IT
 .text.HAL_GPIO_Init
                0x000000000800276c      0x308 ./Drivers/STM32F1xx_HAL_Driver/Src/stm32f1xx_hal_gpio.o
                0x000000000800276c                HAL_GPIO_Init
 .text.HAL_GPIO_ReadPin
                0x0000000008002a74       0x2e ./Drivers/STM32F1xx_HAL_Driver/Src/stm32f1xx_hal_gpio.o
                0x0000000008002a74                HAL_GPIO_ReadPin
 .text.HAL_GPIO_WritePin
                0x0000000008002aa2       0x30 ./Drivers/STM32F1xx_HAL_Driver/Src/stm32f1xx_hal_gpio.o
                0x0000000008002aa2                HAL_GPIO_WritePin
 *fill*         0x0000000008002ad2        0x2 
 .text.HAL_GPIO_EXTI_IRQHandler
                0x0000000008002ad4       0x30 ./Drivers/STM32F1xx_HAL_Driver/Src/stm32f1xx_hal_gpio.o
                0x0000000008002ad4                HAL_GPIO_EXTI_IRQHandler
 .text.HAL_RCC_OscConfig
                0x0000000008002b04      0x504 ./Drivers/STM32F1xx_HAL_Driver/Src/stm32f1xx_hal_rcc.o
                0x0000000008002b04                HAL_RCC_OscConfig
 .text.HAL_RCC_ClockConfig
                0x0000000008003008      0x1d4 ./Drivers/STM32F1xx_HAL_Driver/Src/stm32f1xx_hal_rcc.o
                0x0000000008003008                HAL_RCC_ClockConfig
 .text.HAL_RCC_GetSysClockFreq
                0x00000000080031dc       0xbc ./Drivers/STM32F1xx_HAL_Driver/Src/stm32f1xx_hal_rcc.o
                0x00000000080031dc                HAL_RCC_GetSysClockFreq
 .text.HAL_RCC_GetHCLKFreq
                0x0000000008003298       0x14 ./Drivers/STM32F1xx_HAL_Driver/Src/stm32f1xx_hal_rcc.o
                0x0000000008003298                HAL_RCC_GetHCLKFreq
 .text.HAL_RCC_GetPCLK1Freq
                0x00000000080032ac       0x28 ./Drivers/STM32F1xx_HAL_Driver/Src/stm32f1xx_hal_rcc.o
                0x00000000080032ac                HAL_RCC_GetPCLK1Freq
 .text.HAL_RCC_GetPCLK2Freq
                0x00000000080032d4       0x28 ./Drivers/STM32F1xx_HAL_Driver/Src/stm32f1xx_hal_rcc.o
                0x00000000080032d4                HAL_RCC_GetPCLK2Freq
 .text.RCC_Delay
                0x00000000080032fc       0x3c ./Drivers/STM32F1xx_HAL_Driver/Src/stm32f1xx_hal_rcc.o
 .text.HAL_TIM_Base_Init
                0x0000000008003338       0x9e ./Drivers/STM32F1xx_HAL_Driver/Src/stm32f1xx_hal_tim.o
                0x0000000008003338                HAL_TIM_Base_Init
 *fill*         0x00000000080033d6        0x2 
 .text.HAL_TIM_Base_Start
                0x00000000080033d8       0x94 ./Drivers/STM32F1xx_HAL_Driver/Src/stm32f1xx_hal_tim.o
                0x00000000080033d8                HAL_TIM_Base_Start
 .text.HAL_TIM_Base_Stop
                0x000000000800346c       0x4c ./Drivers/STM32F1xx_HAL_Driver/Src/stm32f1xx_hal_tim.o
                0x000000000800346c                HAL_TIM_Base_Stop
 .text.HAL_TIM_Base_Start_IT
                0x00000000080034b8       0xa4 ./Drivers/STM32F1xx_HAL_Driver/Src/stm32f1xx_hal_tim.o
                0x00000000080034b8                HAL_TIM_Base_Start_IT
 .text.HAL_TIM_Base_Stop_IT
                0x000000000800355c       0x5c ./Drivers/STM32F1xx_HAL_Driver/Src/stm32f1xx_hal_tim.o
                0x000000000800355c                HAL_TIM_Base_Stop_IT
 .text.HAL_TIM_IRQHandler
                0x00000000080035b8      0x210 ./Drivers/STM32F1xx_HAL_Driver/Src/stm32f1xx_hal_tim.o
                0x00000000080035b8                HAL_TIM_IRQHandler
 .text.HAL_TIM_ConfigClockSource
                0x00000000080037c8      0x188 ./Drivers/STM32F1xx_HAL_Driver/Src/stm32f1xx_hal_tim.o
                0x00000000080037c8                HAL_TIM_ConfigClockSource
 .text.HAL_TIM_OC_DelayElapsedCallback
                0x0000000008003950       0x12 ./Drivers/STM32F1xx_HAL_Driver/Src/stm32f1xx_hal_tim.o
                0x0000000008003950                HAL_TIM_OC_DelayElapsedCallback
 .text.HAL_TIM_IC_CaptureCallback
                0x0000000008003962       0x12 ./Drivers/STM32F1xx_HAL_Driver/Src/stm32f1xx_hal_tim.o
                0x0000000008003962                HAL_TIM_IC_CaptureCallback
 .text.HAL_TIM_PWM_PulseFinishedCallback
                0x0000000008003974       0x12 ./Drivers/STM32F1xx_HAL_Driver/Src/stm32f1xx_hal_tim.o
                0x0000000008003974                HAL_TIM_PWM_PulseFinishedCallback
 .text.HAL_TIM_TriggerCallback
                0x0000000008003986       0x12 ./Drivers/STM32F1xx_HAL_Driver/Src/stm32f1xx_hal_tim.o
                0x0000000008003986                HAL_TIM_TriggerCallback
 .text.HAL_TIM_Base_GetState
                0x0000000008003998       0x1a ./Drivers/STM32F1xx_HAL_Driver/Src/stm32f1xx_hal_tim.o
                0x0000000008003998                HAL_TIM_Base_GetState
 *fill*         0x00000000080039b2        0x2 
 .text.TIM_Base_SetConfig
                0x00000000080039b4       0xc4 ./Drivers/STM32F1xx_HAL_Driver/Src/stm32f1xx_hal_tim.o
                0x00000000080039b4                TIM_Base_SetConfig
 .text.TIM_TI1_ConfigInputStage
                0x0000000008003a78       0x5c ./Drivers/STM32F1xx_HAL_Driver/Src/stm32f1xx_hal_tim.o
 .text.TIM_TI2_ConfigInputStage
                0x0000000008003ad4       0x5e ./Drivers/STM32F1xx_HAL_Driver/Src/stm32f1xx_hal_tim.o
 .text.TIM_ITRx_SetConfig
                0x0000000008003b32       0x34 ./Drivers/STM32F1xx_HAL_Driver/Src/stm32f1xx_hal_tim.o
 .text.TIM_ETR_SetConfig
                0x0000000008003b66       0x3e ./Drivers/STM32F1xx_HAL_Driver/Src/stm32f1xx_hal_tim.o
                0x0000000008003b66                TIM_ETR_SetConfig
 .text.HAL_TIMEx_MasterConfigSynchronization
                0x0000000008003ba4       0xbc ./Drivers/STM32F1xx_HAL_Driver/Src/stm32f1xx_hal_tim_ex.o
                0x0000000008003ba4                HAL_TIMEx_MasterConfigSynchronization
 .text.HAL_TIMEx_CommutCallback
                0x0000000008003c60       0x12 ./Drivers/STM32F1xx_HAL_Driver/Src/stm32f1xx_hal_tim_ex.o
                0x0000000008003c60                HAL_TIMEx_CommutCallback
 .text.HAL_TIMEx_BreakCallback
                0x0000000008003c72       0x12 ./Drivers/STM32F1xx_HAL_Driver/Src/stm32f1xx_hal_tim_ex.o
                0x0000000008003c72                HAL_TIMEx_BreakCallback
 .text.HAL_UART_Init
                0x0000000008003c84       0x9a ./Drivers/STM32F1xx_HAL_Driver/Src/stm32f1xx_hal_uart.o
                0x0000000008003c84                HAL_UART_Init
 .text.HAL_UART_Transmit_IT
                0x0000000008003d1e       0x88 ./Drivers/STM32F1xx_HAL_Driver/Src/stm32f1xx_hal_uart.o
                0x0000000008003d1e                HAL_UART_Transmit_IT
 .text.HAL_UART_Receive_IT
                0x0000000008003da6       0x60 ./Drivers/STM32F1xx_HAL_Driver/Src/stm32f1xx_hal_uart.o
                0x0000000008003da6                HAL_UART_Receive_IT
 *fill*         0x0000000008003e06        0x2 
 .text.HAL_UART_IRQHandler
                0x0000000008003e08      0x354 ./Drivers/STM32F1xx_HAL_Driver/Src/stm32f1xx_hal_uart.o
                0x0000000008003e08                HAL_UART_IRQHandler
 .text.HAL_UART_TxCpltCallback
                0x000000000800415c       0x12 ./Drivers/STM32F1xx_HAL_Driver/Src/stm32f1xx_hal_uart.o
                0x000000000800415c                HAL_UART_TxCpltCallback
 .text.HAL_UART_ErrorCallback
                0x000000000800416e       0x12 ./Drivers/STM32F1xx_HAL_Driver/Src/stm32f1xx_hal_uart.o
                0x000000000800416e                HAL_UART_ErrorCallback
 .text.HAL_UARTEx_RxEventCallback
                0x0000000008004180       0x16 ./Drivers/STM32F1xx_HAL_Driver/Src/stm32f1xx_hal_uart.o
                0x0000000008004180                HAL_UARTEx_RxEventCallback
 .text.UART_Start_Receive_IT
                0x0000000008004196       0x72 ./Drivers/STM32F1xx_HAL_Driver/Src/stm32f1xx_hal_uart.o
                0x0000000008004196                UART_Start_Receive_IT
 .text.UART_EndRxTransfer
                0x0000000008004208       0x58 ./Drivers/STM32F1xx_HAL_Driver/Src/stm32f1xx_hal_uart.o
 .text.UART_DMAAbortOnError
                0x0000000008004260       0x28 ./Drivers/STM32F1xx_HAL_Driver/Src/stm32f1xx_hal_uart.o
 .text.UART_Transmit_IT
                0x0000000008004288       0x9e ./Drivers/STM32F1xx_HAL_Driver/Src/stm32f1xx_hal_uart.o
 .text.UART_EndTransmit_IT
                0x0000000008004326       0x30 ./Drivers/STM32F1xx_HAL_Driver/Src/stm32f1xx_hal_uart.o
 .text.UART_Receive_IT
                0x0000000008004356      0x152 ./Drivers/STM32F1xx_HAL_Driver/Src/stm32f1xx_hal_uart.o
 .text.UART_SetConfig
                0x00000000080044a8      0x11c ./Drivers/STM32F1xx_HAL_Driver/Src/stm32f1xx_hal_uart.o
 .text.output_CRK
                0x00000000080045c4      0x190 ./JammerBox_Source/source/failures.o
                0x00000000080045c4                output_CRK
 .text.output_CAM
                0x0000000008004754      0x1d0 ./JammerBox_Source/source/failures.o
                0x0000000008004754                output_CAM
 .text.output_CRK_no_failure
                0x0000000008004924       0x30 ./JammerBox_Source/source/failures.o
                0x0000000008004924                output_CRK_no_failure
 .text.output_CAM_no_failure
                0x0000000008004954       0x64 ./JammerBox_Source/source/failures.o
                0x0000000008004954                output_CAM_no_failure
 .text.output_CRK_RUN_OUT
                0x00000000080049b8      0x188 ./JammerBox_Source/source/failures.o
                0x00000000080049b8                output_CRK_RUN_OUT
 .text.CRK_RUN_OUT_reset
                0x0000000008004b40       0x2c ./JammerBox_Source/source/failures.o
                0x0000000008004b40                CRK_RUN_OUT_reset
 .text.output_CAM_PER
                0x0000000008004b6c      0x480 ./JammerBox_Source/source/failures.o
                0x0000000008004b6c                output_CAM_PER
 .text.CAM_PER_reset
                0x0000000008004fec       0x5c ./JammerBox_Source/source/failures.o
                0x0000000008004fec                CAM_PER_reset
 .text.output_CRK_TOOTH_PER
                0x0000000008005048       0x24 ./JammerBox_Source/source/failures.o
                0x0000000008005048                output_CRK_TOOTH_PER
 .text.CRK_TOOTH_PER_reset
                0x000000000800506c       0x58 ./JammerBox_Source/source/failures.o
                0x000000000800506c                CRK_TOOTH_PER_reset
 .text.Output_CAM_delay
                0x00000000080050c4      0x210 ./JammerBox_Source/source/failures.o
                0x00000000080050c4                Output_CAM_delay
 .text.CAM_delay
                0x00000000080052d4      0x474 ./JammerBox_Source/source/failures.o
                0x00000000080052d4                CAM_delay
 .text.CAM_delay_counter
                0x0000000008005748      0x2d4 ./JammerBox_Source/source/failures.o
                0x0000000008005748                CAM_delay_counter
 .text.CAM_delay_reset
                0x0000000008005a1c       0xe4 ./JammerBox_Source/source/failures.o
                0x0000000008005a1c                CAM_delay_reset
 .text.output_CRK_TOOTH_OFF
                0x0000000008005b00      0x164 ./JammerBox_Source/source/failures.o
                0x0000000008005b00                output_CRK_TOOTH_OFF
 .text.CRK_TOOTH_OFF_reset
                0x0000000008005c64       0x20 ./JammerBox_Source/source/failures.o
                0x0000000008005c64                CRK_TOOTH_OFF_reset
 .text.output_CRK_GAP_NOT_DET
                0x0000000008005c84      0x110 ./JammerBox_Source/source/failures.o
                0x0000000008005c84                output_CRK_GAP_NOT_DET
 .text.CRK_GAP_NOT_DET_reset
                0x0000000008005d94       0x20 ./JammerBox_Source/source/failures.o
                0x0000000008005d94                CRK_GAP_NOT_DET_reset
 .text.output_SEG_ADP_ER_LIM
                0x0000000008005db4      0x284 ./JammerBox_Source/source/failures.o
                0x0000000008005db4                output_SEG_ADP_ER_LIM
 .text.SEG_ADP_ER_LIM_reset
                0x0000000008006038       0x38 ./JammerBox_Source/source/failures.o
                0x0000000008006038                SEG_ADP_ER_LIM_reset
 .text.output_CRK_pulse_duration
                0x0000000008006070       0x34 ./JammerBox_Source/source/failures.o
                0x0000000008006070                output_CRK_pulse_duration
 .text.CRK_pulse_duration_reset
                0x00000000080060a4       0x18 ./JammerBox_Source/source/failures.o
                0x00000000080060a4                CRK_pulse_duration_reset
 .text.output_POSN_ENG_STST
                0x00000000080060bc       0x74 ./JammerBox_Source/source/failures.o
                0x00000000080060bc                output_POSN_ENG_STST
 .text.POSN_ENG_STST_reset
                0x0000000008006130       0x18 ./JammerBox_Source/source/failures.o
                0x0000000008006130                POSN_ENG_STST_reset
 .text.output_CAM_PAT_ERR
                0x0000000008006148      0x190 ./JammerBox_Source/source/failures.o
                0x0000000008006148                output_CAM_PAT_ERR
 .text.CAM_PAT_ERR_reset
                0x00000000080062d8       0x24 ./JammerBox_Source/source/failures.o
                0x00000000080062d8                CAM_PAT_ERR_reset
 .text.output_SC_CAM_CRK
                0x00000000080062fc       0xcc ./JammerBox_Source/source/failures.o
                0x00000000080062fc                output_SC_CAM_CRK
 .text.SC_CAM_CRK_reset
                0x00000000080063c8       0x24 ./JammerBox_Source/source/failures.o
                0x00000000080063c8                SC_CAM_CRK_reset
 .text.failure_processing
                0x00000000080063ec      0x14c ./JammerBox_Source/source/failures.o
                0x00000000080063ec                failure_processing
 .text.failure_synch_reset
                0x0000000008006538       0x3a ./JammerBox_Source/source/failures.o
                0x0000000008006538                failure_synch_reset
 .text.former_teeth_time_calculation
                0x0000000008006572       0x4c ./JammerBox_Source/source/failures.o
                0x0000000008006572                former_teeth_time_calculation
 *fill*         0x00000000080065be        0x2 
 .text.former_teeth_time_calculation_output
                0x00000000080065c0       0x54 ./JammerBox_Source/source/failures.o
                0x00000000080065c0                former_teeth_time_calculation_output
 .text.timestamp_to_digit_array
                0x0000000008006614       0x40 ./JammerBox_Source/source/signal_saving.o
                0x0000000008006614                timestamp_to_digit_array
 .text.CRK_save
                0x0000000008006654       0x84 ./JammerBox_Source/source/signal_saving.o
                0x0000000008006654                CRK_save
 .text.CAM_save
                0x00000000080066d8       0x84 ./JammerBox_Source/source/signal_saving.o
                0x00000000080066d8                CAM_save
 .text.sync_CRK
                0x000000000800675c      0x474 ./JammerBox_Source/source/synchronization.o
                0x000000000800675c                sync_CRK
 .text.sync_CAM_CRK
                0x0000000008006bd0      0x7d0 ./JammerBox_Source/source/synchronization.o
                0x0000000008006bd0                sync_CAM_CRK
 .text.Stalling_detection
                0x00000000080073a0      0x224 ./JammerBox_Source/source/synchronization.o
                0x00000000080073a0                Stalling_detection
 .text.Stalling_detection_CRK
                0x00000000080075c4      0x120 ./JammerBox_Source/source/synchronization.o
                0x00000000080075c4                Stalling_detection_CRK
 .text.Stalling_detection_CAM
                0x00000000080076e4      0x138 ./JammerBox_Source/source/synchronization.o
                0x00000000080076e4                Stalling_detection_CAM
 .text.sync_CRK_preparation
                0x000000000800781c       0x88 ./JammerBox_Source/source/synchronization.o
                0x000000000800781c                sync_CRK_preparation
 .text.gap_to_edge_calculation
                0x00000000080078a4       0xfc ./JammerBox_Source/source/synchronization.o
                0x00000000080078a4                gap_to_edge_calculation
 .text.CAM_CRK_synch_reset
                0x00000000080079a0       0x48 ./JammerBox_Source/source/synchronization.o
                0x00000000080079a0                CAM_CRK_synch_reset
 .text.CAM_CRK_synch_ahead_reset
                0x00000000080079e8       0x48 ./JammerBox_Source/source/synchronization.o
                0x00000000080079e8                CAM_CRK_synch_ahead_reset
 .text.CAM_CRK_synch_set
                0x0000000008007a30       0x58 ./JammerBox_Source/source/synchronization.o
                0x0000000008007a30                CAM_CRK_synch_set
 .text.IC_overflow_check
                0x0000000008007a88       0x20 ./JammerBox_Source/source/synchronization.o
                0x0000000008007a88                IC_overflow_check
 .text.CRK_configuration
                0x0000000008007aa8      0x190 ./JammerBox_Source/source/system_configuration.o
                0x0000000008007aa8                CRK_configuration
 .text.CAM_configuration
                0x0000000008007c38      0x17c ./JammerBox_Source/source/system_configuration.o
                0x0000000008007c38                CAM_configuration
 .text.CAM_CRK_configuration
                0x0000000008007db4       0xfc ./JammerBox_Source/source/system_configuration.o
                0x0000000008007db4                CAM_CRK_configuration
 .text.Input_signal_observe
                0x0000000008007eb0      0x11c ./JammerBox_Source/source/system_configuration.o
                0x0000000008007eb0                Input_signal_observe
 .text.__NVIC_SetPriority
                0x0000000008007fcc       0x54 ./JammerBox_Source/source/timer.o
 .text.Systick_SetPeriod
                0x0000000008008020       0xf0 ./JammerBox_Source/source/timer.o
                0x0000000008008020                Systick_SetPeriod
 .text.SysTickInit
                0x0000000008008110       0x40 ./JammerBox_Source/source/timer.o
                0x0000000008008110                SysTickInit
 .text.TIM2_Reset
                0x0000000008008150       0x2c ./JammerBox_Source/source/timer.o
                0x0000000008008150                TIM2_Reset
 .text.TIM_Soft_Start
                0x000000000800817c       0x2c ./JammerBox_Source/source/timer.o
                0x000000000800817c                TIM_Soft_Start
 .text.TIM_Soft_Stop
                0x00000000080081a8       0x7c ./JammerBox_Source/source/timer.o
                0x00000000080081a8                TIM_Soft_Stop
 .text.TIM_Soft_Reset
                0x0000000008008224       0x34 ./JammerBox_Source/source/timer.o
                0x0000000008008224                TIM_Soft_Reset
 .text.TIM_Soft_GetCounter
                0x0000000008008258       0x70 ./JammerBox_Source/source/timer.o
                0x0000000008008258                TIM_Soft_GetCounter
 .text.GetTimestamp
                0x00000000080082c8       0x48 ./JammerBox_Source/source/timer.o
                0x00000000080082c8                GetTimestamp
 .text.USART_ProcessMessage
                0x0000000008008310      0xd3c ./JammerBox_Source/source/usart_soft.o
                0x0000000008008310                USART_ProcessMessage
 .text.USART_COM_error
                0x000000000800904c       0x68 ./JammerBox_Source/source/usart_soft.o
                0x000000000800904c                USART_COM_error
 .text.USART_send_failure_configuration_status
                0x00000000080090b4       0xec ./JammerBox_Source/source/usart_soft.o
                0x00000000080090b4                USART_send_failure_configuration_status
 .text.Reset_temp_arrays
                0x00000000080091a0       0x70 ./JammerBox_Source/source/usart_soft.o
                0x00000000080091a0                Reset_temp_arrays
 .text.atof     0x0000000008009210        0x6 c:/st/stm32cubeide_1.9.0/stm32cubeide/plugins/com.st.stm32cube.ide.mcu.externaltools.gnu-tools-for-stm32.10.3-2021.10.win32_1.0.0.202111181127/tools/bin/../lib/gcc/arm-none-eabi/10.3.1/../../../../arm-none-eabi/lib/thumb/v7-m/nofp\libc_nano.a(lib_a-atof.o)
                0x0000000008009210                atof
 .text.atoi     0x0000000008009216        0x8 c:/st/stm32cubeide_1.9.0/stm32cubeide/plugins/com.st.stm32cube.ide.mcu.externaltools.gnu-tools-for-stm32.10.3-2021.10.win32_1.0.0.202111181127/tools/bin/../lib/gcc/arm-none-eabi/10.3.1/../../../../arm-none-eabi/lib/thumb/v7-m/nofp\libc_nano.a(lib_a-atoi.o)
                0x0000000008009216                atoi
 *fill*         0x000000000800921e        0x2 
 .text.__errno  0x0000000008009220        0xc c:/st/stm32cubeide_1.9.0/stm32cubeide/plugins/com.st.stm32cube.ide.mcu.externaltools.gnu-tools-for-stm32.10.3-2021.10.win32_1.0.0.202111181127/tools/bin/../lib/gcc/arm-none-eabi/10.3.1/../../../../arm-none-eabi/lib/thumb/v7-m/nofp\libc_nano.a(lib_a-errno.o)
                0x0000000008009220                __errno
 .text.__libc_init_array
                0x000000000800922c       0x48 c:/st/stm32cubeide_1.9.0/stm32cubeide/plugins/com.st.stm32cube.ide.mcu.externaltools.gnu-tools-for-stm32.10.3-2021.10.win32_1.0.0.202111181127/tools/bin/../lib/gcc/arm-none-eabi/10.3.1/../../../../arm-none-eabi/lib/thumb/v7-m/nofp\libc_nano.a(lib_a-init.o)
                0x000000000800922c                __libc_init_array
 .text.malloc   0x0000000008009274       0x10 c:/st/stm32cubeide_1.9.0/stm32cubeide/plugins/com.st.stm32cube.ide.mcu.externaltools.gnu-tools-for-stm32.10.3-2021.10.win32_1.0.0.202111181127/tools/bin/../lib/gcc/arm-none-eabi/10.3.1/../../../../arm-none-eabi/lib/thumb/v7-m/nofp\libc_nano.a(lib_a-malloc.o)
                0x0000000008009274                malloc
 .text.memset   0x0000000008009284       0x10 c:/st/stm32cubeide_1.9.0/stm32cubeide/plugins/com.st.stm32cube.ide.mcu.externaltools.gnu-tools-for-stm32.10.3-2021.10.win32_1.0.0.202111181127/tools/bin/../lib/gcc/arm-none-eabi/10.3.1/../../../../arm-none-eabi/lib/thumb/v7-m/nofp\libc_nano.a(lib_a-memset.o)
                0x0000000008009284                memset
 .text._free_r  0x0000000008009294       0x90 c:/st/stm32cubeide_1.9.0/stm32cubeide/plugins/com.st.stm32cube.ide.mcu.externaltools.gnu-tools-for-stm32.10.3-2021.10.win32_1.0.0.202111181127/tools/bin/../lib/gcc/arm-none-eabi/10.3.1/../../../../arm-none-eabi/lib/thumb/v7-m/nofp\libc_nano.a(lib_a-nano-freer.o)
                0x0000000008009294                _free_r
 .text.sbrk_aligned
                0x0000000008009324       0x40 c:/st/stm32cubeide_1.9.0/stm32cubeide/plugins/com.st.stm32cube.ide.mcu.externaltools.gnu-tools-for-stm32.10.3-2021.10.win32_1.0.0.202111181127/tools/bin/../lib/gcc/arm-none-eabi/10.3.1/../../../../arm-none-eabi/lib/thumb/v7-m/nofp\libc_nano.a(lib_a-nano-mallocr.o)
 .text._malloc_r
                0x0000000008009364       0xe8 c:/st/stm32cubeide_1.9.0/stm32cubeide/plugins/com.st.stm32cube.ide.mcu.externaltools.gnu-tools-for-stm32.10.3-2021.10.win32_1.0.0.202111181127/tools/bin/../lib/gcc/arm-none-eabi/10.3.1/../../../../arm-none-eabi/lib/thumb/v7-m/nofp\libc_nano.a(lib_a-nano-mallocr.o)
                0x0000000008009364                _malloc_r
 .text._sbrk_r  0x000000000800944c       0x20 c:/st/stm32cubeide_1.9.0/stm32cubeide/plugins/com.st.stm32cube.ide.mcu.externaltools.gnu-tools-for-stm32.10.3-2021.10.win32_1.0.0.202111181127/tools/bin/../lib/gcc/arm-none-eabi/10.3.1/../../../../arm-none-eabi/lib/thumb/v7-m/nofp\libc_nano.a(lib_a-sbrkr.o)
                0x000000000800944c                _sbrk_r
 .text.sulp     0x000000000800946c       0x42 c:/st/stm32cubeide_1.9.0/stm32cubeide/plugins/com.st.stm32cube.ide.mcu.externaltools.gnu-tools-for-stm32.10.3-2021.10.win32_1.0.0.202111181127/tools/bin/../lib/gcc/arm-none-eabi/10.3.1/../../../../arm-none-eabi/lib/thumb/v7-m/nofp\libc_nano.a(lib_a-strtod.o)
 *fill*         0x00000000080094ae        0x2 
 .text._strtod_l
                0x00000000080094b0      0xbd0 c:/st/stm32cubeide_1.9.0/stm32cubeide/plugins/com.st.stm32cube.ide.mcu.externaltools.gnu-tools-for-stm32.10.3-2021.10.win32_1.0.0.202111181127/tools/bin/../lib/gcc/arm-none-eabi/10.3.1/../../../../arm-none-eabi/lib/thumb/v7-m/nofp\libc_nano.a(lib_a-strtod.o)
                0x00000000080094b0                _strtod_l
 .text.strtod   0x000000000800a080       0x18 c:/st/stm32cubeide_1.9.0/stm32cubeide/plugins/com.st.stm32cube.ide.mcu.externaltools.gnu-tools-for-stm32.10.3-2021.10.win32_1.0.0.202111181127/tools/bin/../lib/gcc/arm-none-eabi/10.3.1/../../../../arm-none-eabi/lib/thumb/v7-m/nofp\libc_nano.a(lib_a-strtod.o)
                0x000000000800a080                strtod
 .text._strtol_l.constprop.0
                0x000000000800a098       0xf8 c:/st/stm32cubeide_1.9.0/stm32cubeide/plugins/com.st.stm32cube.ide.mcu.externaltools.gnu-tools-for-stm32.10.3-2021.10.win32_1.0.0.202111181127/tools/bin/../lib/gcc/arm-none-eabi/10.3.1/../../../../arm-none-eabi/lib/thumb/v7-m/nofp\libc_nano.a(lib_a-strtol.o)
 .text.strtol   0x000000000800a190       0x14 c:/st/stm32cubeide_1.9.0/stm32cubeide/plugins/com.st.stm32cube.ide.mcu.externaltools.gnu-tools-for-stm32.10.3-2021.10.win32_1.0.0.202111181127/tools/bin/../lib/gcc/arm-none-eabi/10.3.1/../../../../arm-none-eabi/lib/thumb/v7-m/nofp\libc_nano.a(lib_a-strtol.o)
                0x000000000800a190                strtol
 .text.__swbuf_r
                0x000000000800a1a4       0xa4 c:/st/stm32cubeide_1.9.0/stm32cubeide/plugins/com.st.stm32cube.ide.mcu.externaltools.gnu-tools-for-stm32.10.3-2021.10.win32_1.0.0.202111181127/tools/bin/../lib/gcc/arm-none-eabi/10.3.1/../../../../arm-none-eabi/lib/thumb/v7-m/nofp\libc_nano.a(lib_a-wbuf.o)
                0x000000000800a1a4                __swbuf_r
 .text.__swsetup_r
                0x000000000800a248       0xdc c:/st/stm32cubeide_1.9.0/stm32cubeide/plugins/com.st.stm32cube.ide.mcu.externaltools.gnu-tools-for-stm32.10.3-2021.10.win32_1.0.0.202111181127/tools/bin/../lib/gcc/arm-none-eabi/10.3.1/../../../../arm-none-eabi/lib/thumb/v7-m/nofp\libc_nano.a(lib_a-wsetup.o)
                0x000000000800a248                __swsetup_r
 .text.__sflush_r
                0x000000000800a324      0x104 c:/st/stm32cubeide_1.9.0/stm32cubeide/plugins/com.st.stm32cube.ide.mcu.externaltools.gnu-tools-for-stm32.10.3-2021.10.win32_1.0.0.202111181127/tools/bin/../lib/gcc/arm-none-eabi/10.3.1/../../../../arm-none-eabi/lib/thumb/v7-m/nofp\libc_nano.a(lib_a-fflush.o)
                0x000000000800a324                __sflush_r
 .text._fflush_r
                0x000000000800a428       0x78 c:/st/stm32cubeide_1.9.0/stm32cubeide/plugins/com.st.stm32cube.ide.mcu.externaltools.gnu-tools-for-stm32.10.3-2021.10.win32_1.0.0.202111181127/tools/bin/../lib/gcc/arm-none-eabi/10.3.1/../../../../arm-none-eabi/lib/thumb/v7-m/nofp\libc_nano.a(lib_a-fflush.o)
                0x000000000800a428                _fflush_r
 .text.std      0x000000000800a4a0       0x48 c:/st/stm32cubeide_1.9.0/stm32cubeide/plugins/com.st.stm32cube.ide.mcu.externaltools.gnu-tools-for-stm32.10.3-2021.10.win32_1.0.0.202111181127/tools/bin/../lib/gcc/arm-none-eabi/10.3.1/../../../../arm-none-eabi/lib/thumb/v7-m/nofp\libc_nano.a(lib_a-findfp.o)
 .text._cleanup_r
                0x000000000800a4e8        0xc c:/st/stm32cubeide_1.9.0/stm32cubeide/plugins/com.st.stm32cube.ide.mcu.externaltools.gnu-tools-for-stm32.10.3-2021.10.win32_1.0.0.202111181127/tools/bin/../lib/gcc/arm-none-eabi/10.3.1/../../../../arm-none-eabi/lib/thumb/v7-m/nofp\libc_nano.a(lib_a-findfp.o)
                0x000000000800a4e8                _cleanup_r
 .text.__sfmoreglue
                0x000000000800a4f4       0x2c c:/st/stm32cubeide_1.9.0/stm32cubeide/plugins/com.st.stm32cube.ide.mcu.externaltools.gnu-tools-for-stm32.10.3-2021.10.win32_1.0.0.202111181127/tools/bin/../lib/gcc/arm-none-eabi/10.3.1/../../../../arm-none-eabi/lib/thumb/v7-m/nofp\libc_nano.a(lib_a-findfp.o)
                0x000000000800a4f4                __sfmoreglue
 .text.__sfp_lock_acquire
                0x000000000800a520        0xc c:/st/stm32cubeide_1.9.0/stm32cubeide/plugins/com.st.stm32cube.ide.mcu.externaltools.gnu-tools-for-stm32.10.3-2021.10.win32_1.0.0.202111181127/tools/bin/../lib/gcc/arm-none-eabi/10.3.1/../../../../arm-none-eabi/lib/thumb/v7-m/nofp\libc_nano.a(lib_a-findfp.o)
                0x000000000800a520                __sfp_lock_acquire
 .text.__sfp_lock_release
                0x000000000800a52c        0xc c:/st/stm32cubeide_1.9.0/stm32cubeide/plugins/com.st.stm32cube.ide.mcu.externaltools.gnu-tools-for-stm32.10.3-2021.10.win32_1.0.0.202111181127/tools/bin/../lib/gcc/arm-none-eabi/10.3.1/../../../../arm-none-eabi/lib/thumb/v7-m/nofp\libc_nano.a(lib_a-findfp.o)
                0x000000000800a52c                __sfp_lock_release
 .text.__sinit_lock_acquire
                0x000000000800a538        0xc c:/st/stm32cubeide_1.9.0/stm32cubeide/plugins/com.st.stm32cube.ide.mcu.externaltools.gnu-tools-for-stm32.10.3-2021.10.win32_1.0.0.202111181127/tools/bin/../lib/gcc/arm-none-eabi/10.3.1/../../../../arm-none-eabi/lib/thumb/v7-m/nofp\libc_nano.a(lib_a-findfp.o)
                0x000000000800a538                __sinit_lock_acquire
 .text.__sinit_lock_release
                0x000000000800a544        0xc c:/st/stm32cubeide_1.9.0/stm32cubeide/plugins/com.st.stm32cube.ide.mcu.externaltools.gnu-tools-for-stm32.10.3-2021.10.win32_1.0.0.202111181127/tools/bin/../lib/gcc/arm-none-eabi/10.3.1/../../../../arm-none-eabi/lib/thumb/v7-m/nofp\libc_nano.a(lib_a-findfp.o)
                0x000000000800a544                __sinit_lock_release
 .text.__sinit  0x000000000800a550       0x70 c:/st/stm32cubeide_1.9.0/stm32cubeide/plugins/com.st.stm32cube.ide.mcu.externaltools.gnu-tools-for-stm32.10.3-2021.10.win32_1.0.0.202111181127/tools/bin/../lib/gcc/arm-none-eabi/10.3.1/../../../../arm-none-eabi/lib/thumb/v7-m/nofp\libc_nano.a(lib_a-findfp.o)
                0x000000000800a550                __sinit
 .text.__sfp    0x000000000800a5c0       0x8c c:/st/stm32cubeide_1.9.0/stm32cubeide/plugins/com.st.stm32cube.ide.mcu.externaltools.gnu-tools-for-stm32.10.3-2021.10.win32_1.0.0.202111181127/tools/bin/../lib/gcc/arm-none-eabi/10.3.1/../../../../arm-none-eabi/lib/thumb/v7-m/nofp\libc_nano.a(lib_a-findfp.o)
                0x000000000800a5c0                __sfp
 .text._fwalk_reent
                0x000000000800a64c       0x3e c:/st/stm32cubeide_1.9.0/stm32cubeide/plugins/com.st.stm32cube.ide.mcu.externaltools.gnu-tools-for-stm32.10.3-2021.10.win32_1.0.0.202111181127/tools/bin/../lib/gcc/arm-none-eabi/10.3.1/../../../../arm-none-eabi/lib/thumb/v7-m/nofp\libc_nano.a(lib_a-fwalk.o)
                0x000000000800a64c                _fwalk_reent
 .text.rshift   0x000000000800a68a       0xa6 c:/st/stm32cubeide_1.9.0/stm32cubeide/plugins/com.st.stm32cube.ide.mcu.externaltools.gnu-tools-for-stm32.10.3-2021.10.win32_1.0.0.202111181127/tools/bin/../lib/gcc/arm-none-eabi/10.3.1/../../../../arm-none-eabi/lib/thumb/v7-m/nofp\libc_nano.a(lib_a-gdtoa-gethex.o)
 .text.__hexdig_fun
                0x000000000800a730       0x2a c:/st/stm32cubeide_1.9.0/stm32cubeide/plugins/com.st.stm32cube.ide.mcu.externaltools.gnu-tools-for-stm32.10.3-2021.10.win32_1.0.0.202111181127/tools/bin/../lib/gcc/arm-none-eabi/10.3.1/../../../../arm-none-eabi/lib/thumb/v7-m/nofp\libc_nano.a(lib_a-gdtoa-gethex.o)
                0x000000000800a730                __hexdig_fun
 *fill*         0x000000000800a75a        0x2 
 .text.__gethex
                0x000000000800a75c      0x478 c:/st/stm32cubeide_1.9.0/stm32cubeide/plugins/com.st.stm32cube.ide.mcu.externaltools.gnu-tools-for-stm32.10.3-2021.10.win32_1.0.0.202111181127/tools/bin/../lib/gcc/arm-none-eabi/10.3.1/../../../../arm-none-eabi/lib/thumb/v7-m/nofp\libc_nano.a(lib_a-gdtoa-gethex.o)
                0x000000000800a75c                __gethex
 .text.L_shift  0x000000000800abd4       0x24 c:/st/stm32cubeide_1.9.0/stm32cubeide/plugins/com.st.stm32cube.ide.mcu.externaltools.gnu-tools-for-stm32.10.3-2021.10.win32_1.0.0.202111181127/tools/bin/../lib/gcc/arm-none-eabi/10.3.1/../../../../arm-none-eabi/lib/thumb/v7-m/nofp\libc_nano.a(lib_a-gdtoa-hexnan.o)
 .text.__match  0x000000000800abf8       0x28 c:/st/stm32cubeide_1.9.0/stm32cubeide/plugins/com.st.stm32cube.ide.mcu.externaltools.gnu-tools-for-stm32.10.3-2021.10.win32_1.0.0.202111181127/tools/bin/../lib/gcc/arm-none-eabi/10.3.1/../../../../arm-none-eabi/lib/thumb/v7-m/nofp\libc_nano.a(lib_a-gdtoa-hexnan.o)
                0x000000000800abf8                __match
 .text.__hexnan
                0x000000000800ac20      0x138 c:/st/stm32cubeide_1.9.0/stm32cubeide/plugins/com.st.stm32cube.ide.mcu.externaltools.gnu-tools-for-stm32.10.3-2021.10.win32_1.0.0.202111181127/tools/bin/../lib/gcc/arm-none-eabi/10.3.1/../../../../arm-none-eabi/lib/thumb/v7-m/nofp\libc_nano.a(lib_a-gdtoa-hexnan.o)
                0x000000000800ac20                __hexnan
 .text.__retarget_lock_init_recursive
                0x000000000800ad58        0x2 c:/st/stm32cubeide_1.9.0/stm32cubeide/plugins/com.st.stm32cube.ide.mcu.externaltools.gnu-tools-for-stm32.10.3-2021.10.win32_1.0.0.202111181127/tools/bin/../lib/gcc/arm-none-eabi/10.3.1/../../../../arm-none-eabi/lib/thumb/v7-m/nofp\libc_nano.a(lib_a-lock.o)
                0x000000000800ad58                __retarget_lock_init_recursive
 .text.__retarget_lock_acquire_recursive
                0x000000000800ad5a        0x2 c:/st/stm32cubeide_1.9.0/stm32cubeide/plugins/com.st.stm32cube.ide.mcu.externaltools.gnu-tools-for-stm32.10.3-2021.10.win32_1.0.0.202111181127/tools/bin/../lib/gcc/arm-none-eabi/10.3.1/../../../../arm-none-eabi/lib/thumb/v7-m/nofp\libc_nano.a(lib_a-lock.o)
                0x000000000800ad5a                __retarget_lock_acquire_recursive
 .text.__retarget_lock_release_recursive
                0x000000000800ad5c        0x2 c:/st/stm32cubeide_1.9.0/stm32cubeide/plugins/com.st.stm32cube.ide.mcu.externaltools.gnu-tools-for-stm32.10.3-2021.10.win32_1.0.0.202111181127/tools/bin/../lib/gcc/arm-none-eabi/10.3.1/../../../../arm-none-eabi/lib/thumb/v7-m/nofp\libc_nano.a(lib_a-lock.o)
                0x000000000800ad5c                __retarget_lock_release_recursive
 .text.__swhatbuf_r
                0x000000000800ad5e       0x4a c:/st/stm32cubeide_1.9.0/stm32cubeide/plugins/com.st.stm32cube.ide.mcu.externaltools.gnu-tools-for-stm32.10.3-2021.10.win32_1.0.0.202111181127/tools/bin/../lib/gcc/arm-none-eabi/10.3.1/../../../../arm-none-eabi/lib/thumb/v7-m/nofp\libc_nano.a(lib_a-makebuf.o)
                0x000000000800ad5e                __swhatbuf_r
 .text.__smakebuf_r
                0x000000000800ada8       0x80 c:/st/stm32cubeide_1.9.0/stm32cubeide/plugins/com.st.stm32cube.ide.mcu.externaltools.gnu-tools-for-stm32.10.3-2021.10.win32_1.0.0.202111181127/tools/bin/../lib/gcc/arm-none-eabi/10.3.1/../../../../arm-none-eabi/lib/thumb/v7-m/nofp\libc_nano.a(lib_a-makebuf.o)
                0x000000000800ada8                __smakebuf_r
 .text.__ascii_mbtowc
                0x000000000800ae28       0x24 c:/st/stm32cubeide_1.9.0/stm32cubeide/plugins/com.st.stm32cube.ide.mcu.externaltools.gnu-tools-for-stm32.10.3-2021.10.win32_1.0.0.202111181127/tools/bin/../lib/gcc/arm-none-eabi/10.3.1/../../../../arm-none-eabi/lib/thumb/v7-m/nofp\libc_nano.a(lib_a-mbtowc_r.o)
                0x000000000800ae28                __ascii_mbtowc
 .text.memcpy   0x000000000800ae4c       0x1c c:/st/stm32cubeide_1.9.0/stm32cubeide/plugins/com.st.stm32cube.ide.mcu.externaltools.gnu-tools-for-stm32.10.3-2021.10.win32_1.0.0.202111181127/tools/bin/../lib/gcc/arm-none-eabi/10.3.1/../../../../arm-none-eabi/lib/thumb/v7-m/nofp\libc_nano.a(lib_a-memcpy-stub.o)
                0x000000000800ae4c                memcpy
 .text.__malloc_lock
                0x000000000800ae68        0xc c:/st/stm32cubeide_1.9.0/stm32cubeide/plugins/com.st.stm32cube.ide.mcu.externaltools.gnu-tools-for-stm32.10.3-2021.10.win32_1.0.0.202111181127/tools/bin/../lib/gcc/arm-none-eabi/10.3.1/../../../../arm-none-eabi/lib/thumb/v7-m/nofp\libc_nano.a(lib_a-mlock.o)
                0x000000000800ae68                __malloc_lock
 .text.__malloc_unlock
                0x000000000800ae74        0xc c:/st/stm32cubeide_1.9.0/stm32cubeide/plugins/com.st.stm32cube.ide.mcu.externaltools.gnu-tools-for-stm32.10.3-2021.10.win32_1.0.0.202111181127/tools/bin/../lib/gcc/arm-none-eabi/10.3.1/../../../../arm-none-eabi/lib/thumb/v7-m/nofp\libc_nano.a(lib_a-mlock.o)
                0x000000000800ae74                __malloc_unlock
 .text._Balloc  0x000000000800ae80       0x80 c:/st/stm32cubeide_1.9.0/stm32cubeide/plugins/com.st.stm32cube.ide.mcu.externaltools.gnu-tools-for-stm32.10.3-2021.10.win32_1.0.0.202111181127/tools/bin/../lib/gcc/arm-none-eabi/10.3.1/../../../../arm-none-eabi/lib/thumb/v7-m/nofp\libc_nano.a(lib_a-mprec.o)
                0x000000000800ae80                _Balloc
 .text._Bfree   0x000000000800af00       0x44 c:/st/stm32cubeide_1.9.0/stm32cubeide/plugins/com.st.stm32cube.ide.mcu.externaltools.gnu-tools-for-stm32.10.3-2021.10.win32_1.0.0.202111181127/tools/bin/../lib/gcc/arm-none-eabi/10.3.1/../../../../arm-none-eabi/lib/thumb/v7-m/nofp\libc_nano.a(lib_a-mprec.o)
                0x000000000800af00                _Bfree
 .text.__multadd
                0x000000000800af44       0x8c c:/st/stm32cubeide_1.9.0/stm32cubeide/plugins/com.st.stm32cube.ide.mcu.externaltools.gnu-tools-for-stm32.10.3-2021.10.win32_1.0.0.202111181127/tools/bin/../lib/gcc/arm-none-eabi/10.3.1/../../../../arm-none-eabi/lib/thumb/v7-m/nofp\libc_nano.a(lib_a-mprec.o)
                0x000000000800af44                __multadd
 .text.__s2b    0x000000000800afd0       0x94 c:/st/stm32cubeide_1.9.0/stm32cubeide/plugins/com.st.stm32cube.ide.mcu.externaltools.gnu-tools-for-stm32.10.3-2021.10.win32_1.0.0.202111181127/tools/bin/../lib/gcc/arm-none-eabi/10.3.1/../../../../arm-none-eabi/lib/thumb/v7-m/nofp\libc_nano.a(lib_a-mprec.o)
                0x000000000800afd0                __s2b
 .text.__hi0bits
                0x000000000800b064       0x40 c:/st/stm32cubeide_1.9.0/stm32cubeide/plugins/com.st.stm32cube.ide.mcu.externaltools.gnu-tools-for-stm32.10.3-2021.10.win32_1.0.0.202111181127/tools/bin/../lib/gcc/arm-none-eabi/10.3.1/../../../../arm-none-eabi/lib/thumb/v7-m/nofp\libc_nano.a(lib_a-mprec.o)
                0x000000000800b064                __hi0bits
 .text.__lo0bits
                0x000000000800b0a4       0x5a c:/st/stm32cubeide_1.9.0/stm32cubeide/plugins/com.st.stm32cube.ide.mcu.externaltools.gnu-tools-for-stm32.10.3-2021.10.win32_1.0.0.202111181127/tools/bin/../lib/gcc/arm-none-eabi/10.3.1/../../../../arm-none-eabi/lib/thumb/v7-m/nofp\libc_nano.a(lib_a-mprec.o)
                0x000000000800b0a4                __lo0bits
 *fill*         0x000000000800b0fe        0x2 
 .text.__i2b    0x000000000800b100       0x2c c:/st/stm32cubeide_1.9.0/stm32cubeide/plugins/com.st.stm32cube.ide.mcu.externaltools.gnu-tools-for-stm32.10.3-2021.10.win32_1.0.0.202111181127/tools/bin/../lib/gcc/arm-none-eabi/10.3.1/../../../../arm-none-eabi/lib/thumb/v7-m/nofp\libc_nano.a(lib_a-mprec.o)
                0x000000000800b100                __i2b
 .text.__multiply
                0x000000000800b12c      0x150 c:/st/stm32cubeide_1.9.0/stm32cubeide/plugins/com.st.stm32cube.ide.mcu.externaltools.gnu-tools-for-stm32.10.3-2021.10.win32_1.0.0.202111181127/tools/bin/../lib/gcc/arm-none-eabi/10.3.1/../../../../arm-none-eabi/lib/thumb/v7-m/nofp\libc_nano.a(lib_a-mprec.o)
                0x000000000800b12c                __multiply
 .text.__pow5mult
                0x000000000800b27c       0xb4 c:/st/stm32cubeide_1.9.0/stm32cubeide/plugins/com.st.stm32cube.ide.mcu.externaltools.gnu-tools-for-stm32.10.3-2021.10.win32_1.0.0.202111181127/tools/bin/../lib/gcc/arm-none-eabi/10.3.1/../../../../arm-none-eabi/lib/thumb/v7-m/nofp\libc_nano.a(lib_a-mprec.o)
                0x000000000800b27c                __pow5mult
 .text.__lshift
                0x000000000800b330       0xe0 c:/st/stm32cubeide_1.9.0/stm32cubeide/plugins/com.st.stm32cube.ide.mcu.externaltools.gnu-tools-for-stm32.10.3-2021.10.win32_1.0.0.202111181127/tools/bin/../lib/gcc/arm-none-eabi/10.3.1/../../../../arm-none-eabi/lib/thumb/v7-m/nofp\libc_nano.a(lib_a-mprec.o)
                0x000000000800b330                __lshift
 .text.__mcmp   0x000000000800b410       0x36 c:/st/stm32cubeide_1.9.0/stm32cubeide/plugins/com.st.stm32cube.ide.mcu.externaltools.gnu-tools-for-stm32.10.3-2021.10.win32_1.0.0.202111181127/tools/bin/../lib/gcc/arm-none-eabi/10.3.1/../../../../arm-none-eabi/lib/thumb/v7-m/nofp\libc_nano.a(lib_a-mprec.o)
                0x000000000800b410                __mcmp
 *fill*         0x000000000800b446        0x2 
 .text.__mdiff  0x000000000800b448      0x118 c:/st/stm32cubeide_1.9.0/stm32cubeide/plugins/com.st.stm32cube.ide.mcu.externaltools.gnu-tools-for-stm32.10.3-2021.10.win32_1.0.0.202111181127/tools/bin/../lib/gcc/arm-none-eabi/10.3.1/../../../../arm-none-eabi/lib/thumb/v7-m/nofp\libc_nano.a(lib_a-mprec.o)
                0x000000000800b448                __mdiff
 .text.__ulp    0x000000000800b560       0x4c c:/st/stm32cubeide_1.9.0/stm32cubeide/plugins/com.st.stm32cube.ide.mcu.externaltools.gnu-tools-for-stm32.10.3-2021.10.win32_1.0.0.202111181127/tools/bin/../lib/gcc/arm-none-eabi/10.3.1/../../../../arm-none-eabi/lib/thumb/v7-m/nofp\libc_nano.a(lib_a-mprec.o)
                0x000000000800b560                __ulp
 .text.__b2d    0x000000000800b5ac       0xa8 c:/st/stm32cubeide_1.9.0/stm32cubeide/plugins/com.st.stm32cube.ide.mcu.externaltools.gnu-tools-for-stm32.10.3-2021.10.win32_1.0.0.202111181127/tools/bin/../lib/gcc/arm-none-eabi/10.3.1/../../../../arm-none-eabi/lib/thumb/v7-m/nofp\libc_nano.a(lib_a-mprec.o)
                0x000000000800b5ac                __b2d
 .text.__d2b    0x000000000800b654       0xb8 c:/st/stm32cubeide_1.9.0/stm32cubeide/plugins/com.st.stm32cube.ide.mcu.externaltools.gnu-tools-for-stm32.10.3-2021.10.win32_1.0.0.202111181127/tools/bin/../lib/gcc/arm-none-eabi/10.3.1/../../../../arm-none-eabi/lib/thumb/v7-m/nofp\libc_nano.a(lib_a-mprec.o)
                0x000000000800b654                __d2b
 .text.__ratio  0x000000000800b70c       0x5c c:/st/stm32cubeide_1.9.0/stm32cubeide/plugins/com.st.stm32cube.ide.mcu.externaltools.gnu-tools-for-stm32.10.3-2021.10.win32_1.0.0.202111181127/tools/bin/../lib/gcc/arm-none-eabi/10.3.1/../../../../arm-none-eabi/lib/thumb/v7-m/nofp\libc_nano.a(lib_a-mprec.o)
                0x000000000800b70c                __ratio
 .text.__copybits
                0x000000000800b768       0x46 c:/st/stm32cubeide_1.9.0/stm32cubeide/plugins/com.st.stm32cube.ide.mcu.externaltools.gnu-tools-for-stm32.10.3-2021.10.win32_1.0.0.202111181127/tools/bin/../lib/gcc/arm-none-eabi/10.3.1/../../../../arm-none-eabi/lib/thumb/v7-m/nofp\libc_nano.a(lib_a-mprec.o)
                0x000000000800b768                __copybits
 .text.__any_on
                0x000000000800b7ae       0x42 c:/st/stm32cubeide_1.9.0/stm32cubeide/plugins/com.st.stm32cube.ide.mcu.externaltools.gnu-tools-for-stm32.10.3-2021.10.win32_1.0.0.202111181127/tools/bin/../lib/gcc/arm-none-eabi/10.3.1/../../../../arm-none-eabi/lib/thumb/v7-m/nofp\libc_nano.a(lib_a-mprec.o)
                0x000000000800b7ae                __any_on
 .text._calloc_r
                0x000000000800b7f0       0x28 c:/st/stm32cubeide_1.9.0/stm32cubeide/plugins/com.st.stm32cube.ide.mcu.externaltools.gnu-tools-for-stm32.10.3-2021.10.win32_1.0.0.202111181127/tools/bin/../lib/gcc/arm-none-eabi/10.3.1/../../../../arm-none-eabi/lib/thumb/v7-m/nofp\libc_nano.a(lib_a-nano-callocr.o)
                0x000000000800b7f0                _calloc_r
 .text.__sfputc_r
                0x000000000800b818       0x2a c:/st/stm32cubeide_1.9.0/stm32cubeide/plugins/com.st.stm32cube.ide.mcu.externaltools.gnu-tools-for-stm32.10.3-2021.10.win32_1.0.0.202111181127/tools/bin/../lib/gcc/arm-none-eabi/10.3.1/../../../../arm-none-eabi/lib/thumb/v7-m/nofp\libc_nano.a(lib_a-nano-vfprintf.o)
 .text.__sfputs_r
                0x000000000800b842       0x24 c:/st/stm32cubeide_1.9.0/stm32cubeide/plugins/com.st.stm32cube.ide.mcu.externaltools.gnu-tools-for-stm32.10.3-2021.10.win32_1.0.0.202111181127/tools/bin/../lib/gcc/arm-none-eabi/10.3.1/../../../../arm-none-eabi/lib/thumb/v7-m/nofp\libc_nano.a(lib_a-nano-vfprintf.o)
                0x000000000800b842                __sfputs_r
 *fill*         0x000000000800b866        0x2 
 .text._vfprintf_r
                0x000000000800b868      0x260 c:/st/stm32cubeide_1.9.0/stm32cubeide/plugins/com.st.stm32cube.ide.mcu.externaltools.gnu-tools-for-stm32.10.3-2021.10.win32_1.0.0.202111181127/tools/bin/../lib/gcc/arm-none-eabi/10.3.1/../../../../arm-none-eabi/lib/thumb/v7-m/nofp\libc_nano.a(lib_a-nano-vfprintf.o)
                0x000000000800b868                _vfprintf_r
                0x000000000800b868                _vfiprintf_r
 .text._printf_common
                0x000000000800bac8       0xde c:/st/stm32cubeide_1.9.0/stm32cubeide/plugins/com.st.stm32cube.ide.mcu.externaltools.gnu-tools-for-stm32.10.3-2021.10.win32_1.0.0.202111181127/tools/bin/../lib/gcc/arm-none-eabi/10.3.1/../../../../arm-none-eabi/lib/thumb/v7-m/nofp\libc_nano.a(lib_a-nano-vfprintf_i.o)
                0x000000000800bac8                _printf_common
 *fill*         0x000000000800bba6        0x2 
 .text._printf_i
                0x000000000800bba8      0x24c c:/st/stm32cubeide_1.9.0/stm32cubeide/plugins/com.st.stm32cube.ide.mcu.externaltools.gnu-tools-for-stm32.10.3-2021.10.win32_1.0.0.202111181127/tools/bin/../lib/gcc/arm-none-eabi/10.3.1/../../../../arm-none-eabi/lib/thumb/v7-m/nofp\libc_nano.a(lib_a-nano-vfprintf_i.o)
                0x000000000800bba8                _printf_i
 .text.nan      0x000000000800bdf4        0xc c:/st/stm32cubeide_1.9.0/stm32cubeide/plugins/com.st.stm32cube.ide.mcu.externaltools.gnu-tools-for-stm32.10.3-2021.10.win32_1.0.0.202111181127/tools/bin/../lib/gcc/arm-none-eabi/10.3.1/../../../../arm-none-eabi/lib/thumb/v7-m/nofp\libc_nano.a(lib_a-s_nan.o)
                0x000000000800bdf4                nan
 .text.__sread  0x000000000800be00       0x22 c:/st/stm32cubeide_1.9.0/stm32cubeide/plugins/com.st.stm32cube.ide.mcu.externaltools.gnu-tools-for-stm32.10.3-2021.10.win32_1.0.0.202111181127/tools/bin/../lib/gcc/arm-none-eabi/10.3.1/../../../../arm-none-eabi/lib/thumb/v7-m/nofp\libc_nano.a(lib_a-stdio.o)
                0x000000000800be00                __sread
 .text.__swrite
                0x000000000800be22       0x38 c:/st/stm32cubeide_1.9.0/stm32cubeide/plugins/com.st.stm32cube.ide.mcu.externaltools.gnu-tools-for-stm32.10.3-2021.10.win32_1.0.0.202111181127/tools/bin/../lib/gcc/arm-none-eabi/10.3.1/../../../../arm-none-eabi/lib/thumb/v7-m/nofp\libc_nano.a(lib_a-stdio.o)
                0x000000000800be22                __swrite
 .text.__sseek  0x000000000800be5a       0x24 c:/st/stm32cubeide_1.9.0/stm32cubeide/plugins/com.st.stm32cube.ide.mcu.externaltools.gnu-tools-for-stm32.10.3-2021.10.win32_1.0.0.202111181127/tools/bin/../lib/gcc/arm-none-eabi/10.3.1/../../../../arm-none-eabi/lib/thumb/v7-m/nofp\libc_nano.a(lib_a-stdio.o)
                0x000000000800be5a                __sseek
 .text.__sclose
                0x000000000800be7e        0x8 c:/st/stm32cubeide_1.9.0/stm32cubeide/plugins/com.st.stm32cube.ide.mcu.externaltools.gnu-tools-for-stm32.10.3-2021.10.win32_1.0.0.202111181127/tools/bin/../lib/gcc/arm-none-eabi/10.3.1/../../../../arm-none-eabi/lib/thumb/v7-m/nofp\libc_nano.a(lib_a-stdio.o)
                0x000000000800be7e                __sclose
 .text.strncmp  0x000000000800be86       0x28 c:/st/stm32cubeide_1.9.0/stm32cubeide/plugins/com.st.stm32cube.ide.mcu.externaltools.gnu-tools-for-stm32.10.3-2021.10.win32_1.0.0.202111181127/tools/bin/../lib/gcc/arm-none-eabi/10.3.1/../../../../arm-none-eabi/lib/thumb/v7-m/nofp\libc_nano.a(lib_a-strncmp.o)
                0x000000000800be86                strncmp
 .text.__ascii_wctomb
                0x000000000800beae       0x1a c:/st/stm32cubeide_1.9.0/stm32cubeide/plugins/com.st.stm32cube.ide.mcu.externaltools.gnu-tools-for-stm32.10.3-2021.10.win32_1.0.0.202111181127/tools/bin/../lib/gcc/arm-none-eabi/10.3.1/../../../../arm-none-eabi/lib/thumb/v7-m/nofp\libc_nano.a(lib_a-wctomb_r.o)
                0x000000000800beae                __ascii_wctomb
 .text._write_r
                0x000000000800bec8       0x24 c:/st/stm32cubeide_1.9.0/stm32cubeide/plugins/com.st.stm32cube.ide.mcu.externaltools.gnu-tools-for-stm32.10.3-2021.10.win32_1.0.0.202111181127/tools/bin/../lib/gcc/arm-none-eabi/10.3.1/../../../../arm-none-eabi/lib/thumb/v7-m/nofp\libc_nano.a(lib_a-writer.o)
                0x000000000800bec8                _write_r
 .text.__assert_func
                0x000000000800beec       0x3c c:/st/stm32cubeide_1.9.0/stm32cubeide/plugins/com.st.stm32cube.ide.mcu.externaltools.gnu-tools-for-stm32.10.3-2021.10.win32_1.0.0.202111181127/tools/bin/../lib/gcc/arm-none-eabi/10.3.1/../../../../arm-none-eabi/lib/thumb/v7-m/nofp\libc_nano.a(lib_a-assert.o)
                0x000000000800beec                __assert_func
 .text._close_r
                0x000000000800bf28       0x20 c:/st/stm32cubeide_1.9.0/stm32cubeide/plugins/com.st.stm32cube.ide.mcu.externaltools.gnu-tools-for-stm32.10.3-2021.10.win32_1.0.0.202111181127/tools/bin/../lib/gcc/arm-none-eabi/10.3.1/../../../../arm-none-eabi/lib/thumb/v7-m/nofp\libc_nano.a(lib_a-closer.o)
                0x000000000800bf28                _close_r
 .text.fprintf  0x000000000800bf48       0x24 c:/st/stm32cubeide_1.9.0/stm32cubeide/plugins/com.st.stm32cube.ide.mcu.externaltools.gnu-tools-for-stm32.10.3-2021.10.win32_1.0.0.202111181127/tools/bin/../lib/gcc/arm-none-eabi/10.3.1/../../../../arm-none-eabi/lib/thumb/v7-m/nofp\libc_nano.a(lib_a-fprintf.o)
                0x000000000800bf48                fiprintf
                0x000000000800bf48                fprintf
 .text._fstat_r
                0x000000000800bf6c       0x24 c:/st/stm32cubeide_1.9.0/stm32cubeide/plugins/com.st.stm32cube.ide.mcu.externaltools.gnu-tools-for-stm32.10.3-2021.10.win32_1.0.0.202111181127/tools/bin/../lib/gcc/arm-none-eabi/10.3.1/../../../../arm-none-eabi/lib/thumb/v7-m/nofp\libc_nano.a(lib_a-fstatr.o)
                0x000000000800bf6c                _fstat_r
 .text._isatty_r
                0x000000000800bf90       0x20 c:/st/stm32cubeide_1.9.0/stm32cubeide/plugins/com.st.stm32cube.ide.mcu.externaltools.gnu-tools-for-stm32.10.3-2021.10.win32_1.0.0.202111181127/tools/bin/../lib/gcc/arm-none-eabi/10.3.1/../../../../arm-none-eabi/lib/thumb/v7-m/nofp\libc_nano.a(lib_a-isattyr.o)
                0x000000000800bf90                _isatty_r
 .text._lseek_r
                0x000000000800bfb0       0x24 c:/st/stm32cubeide_1.9.0/stm32cubeide/plugins/com.st.stm32cube.ide.mcu.externaltools.gnu-tools-for-stm32.10.3-2021.10.win32_1.0.0.202111181127/tools/bin/../lib/gcc/arm-none-eabi/10.3.1/../../../../arm-none-eabi/lib/thumb/v7-m/nofp\libc_nano.a(lib_a-lseekr.o)
                0x000000000800bfb0                _lseek_r
 .text.memchr   0x000000000800bfd4       0x1c c:/st/stm32cubeide_1.9.0/stm32cubeide/plugins/com.st.stm32cube.ide.mcu.externaltools.gnu-tools-for-stm32.10.3-2021.10.win32_1.0.0.202111181127/tools/bin/../lib/gcc/arm-none-eabi/10.3.1/../../../../arm-none-eabi/lib/thumb/v7-m/nofp\libc_nano.a(lib_a-memchr-stub.o)
                0x000000000800bfd4                memchr
 .text._read_r  0x000000000800bff0       0x24 c:/st/stm32cubeide_1.9.0/stm32cubeide/plugins/com.st.stm32cube.ide.mcu.externaltools.gnu-tools-for-stm32.10.3-2021.10.win32_1.0.0.202111181127/tools/bin/../lib/gcc/arm-none-eabi/10.3.1/../../../../arm-none-eabi/lib/thumb/v7-m/nofp\libc_nano.a(lib_a-readr.o)
                0x000000000800bff0                _read_r
 .text.abort    0x000000000800c014        0xe c:/st/stm32cubeide_1.9.0/stm32cubeide/plugins/com.st.stm32cube.ide.mcu.externaltools.gnu-tools-for-stm32.10.3-2021.10.win32_1.0.0.202111181127/tools/bin/../lib/gcc/arm-none-eabi/10.3.1/../../../../arm-none-eabi/lib/thumb/v7-m/nofp\libc_nano.a(lib_a-abort.o)
                0x000000000800c014                abort
 .text._raise_r
                0x000000000800c022       0x50 c:/st/stm32cubeide_1.9.0/stm32cubeide/plugins/com.st.stm32cube.ide.mcu.externaltools.gnu-tools-for-stm32.10.3-2021.10.win32_1.0.0.202111181127/tools/bin/../lib/gcc/arm-none-eabi/10.3.1/../../../../arm-none-eabi/lib/thumb/v7-m/nofp\libc_nano.a(lib_a-signal.o)
                0x000000000800c022                _raise_r
 *fill*         0x000000000800c072        0x2 
 .text.raise    0x000000000800c074       0x10 c:/st/stm32cubeide_1.9.0/stm32cubeide/plugins/com.st.stm32cube.ide.mcu.externaltools.gnu-tools-for-stm32.10.3-2021.10.win32_1.0.0.202111181127/tools/bin/../lib/gcc/arm-none-eabi/10.3.1/../../../../arm-none-eabi/lib/thumb/v7-m/nofp\libc_nano.a(lib_a-signal.o)
                0x000000000800c074                raise
 .text._kill_r  0x000000000800c084       0x24 c:/st/stm32cubeide_1.9.0/stm32cubeide/plugins/com.st.stm32cube.ide.mcu.externaltools.gnu-tools-for-stm32.10.3-2021.10.win32_1.0.0.202111181127/tools/bin/../lib/gcc/arm-none-eabi/10.3.1/../../../../arm-none-eabi/lib/thumb/v7-m/nofp\libc_nano.a(lib_a-signalr.o)
                0x000000000800c084                _kill_r
 .text._getpid_r
                0x000000000800c0a8        0x4 c:/st/stm32cubeide_1.9.0/stm32cubeide/plugins/com.st.stm32cube.ide.mcu.externaltools.gnu-tools-for-stm32.10.3-2021.10.win32_1.0.0.202111181127/tools/bin/../lib/gcc/arm-none-eabi/10.3.1/../../../../arm-none-eabi/lib/thumb/v7-m/nofp\libc_nano.a(lib_a-signalr.o)
                0x000000000800c0a8                _getpid_r
 *(.glue_7)
 .glue_7        0x000000000800c0ac        0x0 linker stubs
 *(.glue_7t)
 .glue_7t       0x000000000800c0ac        0x0 linker stubs
 *(.eh_frame)
 .eh_frame      0x000000000800c0ac        0x0 c:/st/stm32cubeide_1.9.0/stm32cubeide/plugins/com.st.stm32cube.ide.mcu.externaltools.gnu-tools-for-stm32.10.3-2021.10.win32_1.0.0.202111181127/tools/bin/../lib/gcc/arm-none-eabi/10.3.1/thumb/v7-m/nofp/crtbegin.o
 *(.init)
 .init          0x000000000800c0ac        0x4 c:/st/stm32cubeide_1.9.0/stm32cubeide/plugins/com.st.stm32cube.ide.mcu.externaltools.gnu-tools-for-stm32.10.3-2021.10.win32_1.0.0.202111181127/tools/bin/../lib/gcc/arm-none-eabi/10.3.1/thumb/v7-m/nofp/crti.o
                0x000000000800c0ac                _init
 .init          0x000000000800c0b0        0x8 c:/st/stm32cubeide_1.9.0/stm32cubeide/plugins/com.st.stm32cube.ide.mcu.externaltools.gnu-tools-for-stm32.10.3-2021.10.win32_1.0.0.202111181127/tools/bin/../lib/gcc/arm-none-eabi/10.3.1/thumb/v7-m/nofp/crtn.o
 *(.fini)
 .fini          0x000000000800c0b8        0x4 c:/st/stm32cubeide_1.9.0/stm32cubeide/plugins/com.st.stm32cube.ide.mcu.externaltools.gnu-tools-for-stm32.10.3-2021.10.win32_1.0.0.202111181127/tools/bin/../lib/gcc/arm-none-eabi/10.3.1/thumb/v7-m/nofp/crti.o
                0x000000000800c0b8                _fini
 .fini          0x000000000800c0bc        0x8 c:/st/stm32cubeide_1.9.0/stm32cubeide/plugins/com.st.stm32cube.ide.mcu.externaltools.gnu-tools-for-stm32.10.3-2021.10.win32_1.0.0.202111181127/tools/bin/../lib/gcc/arm-none-eabi/10.3.1/thumb/v7-m/nofp/crtn.o
                0x000000000800c0c4                . = ALIGN (0x4)
                0x000000000800c0c4                _etext = .

.vfp11_veneer   0x000000000800c0c4        0x0
 .vfp11_veneer  0x000000000800c0c4        0x0 linker stubs

.v4_bx          0x000000000800c0c4        0x0
 .v4_bx         0x000000000800c0c4        0x0 linker stubs

.iplt           0x000000000800c0c4        0x0
 .iplt          0x000000000800c0c4        0x0 c:/st/stm32cubeide_1.9.0/stm32cubeide/plugins/com.st.stm32cube.ide.mcu.externaltools.gnu-tools-for-stm32.10.3-2021.10.win32_1.0.0.202111181127/tools/bin/../lib/gcc/arm-none-eabi/10.3.1/thumb/v7-m/nofp/crtbegin.o

.rodata         0x000000000800c0c8      0x46c
                0x000000000800c0c8                . = ALIGN (0x4)
 *(.rodata)
 .rodata        0x000000000800c0c8        0x6 ./Core/Src/main.o
 *fill*         0x000000000800c0ce        0x2 
 .rodata        0x000000000800c0d0       0x10 ./Drivers/STM32F1xx_HAL_Driver/Src/stm32f1xx_hal_rcc.o
 *(.rodata*)
 .rodata.edges_beetween_shift_CAM_delay
                0x000000000800c0e0        0x4 ./Core/Src/main.o
                0x000000000800c0e0                edges_beetween_shift_CAM_delay
 .rodata.AHBPrescTable
                0x000000000800c0e4       0x10 ./Core/Src/system_stm32f1xx.o
                0x000000000800c0e4                AHBPrescTable
 .rodata.APBPrescTable
                0x000000000800c0f4        0x8 ./Core/Src/system_stm32f1xx.o
                0x000000000800c0f4                APBPrescTable
 .rodata._global_impure_ptr
                0x000000000800c0fc        0x4 c:/st/stm32cubeide_1.9.0/stm32cubeide/plugins/com.st.stm32cube.ide.mcu.externaltools.gnu-tools-for-stm32.10.3-2021.10.win32_1.0.0.202111181127/tools/bin/../lib/gcc/arm-none-eabi/10.3.1/../../../../arm-none-eabi/lib/thumb/v7-m/nofp\libc_nano.a(lib_a-impure.o)
                0x000000000800c0fc                _global_impure_ptr
 .rodata._strtod_l.str1.1
                0x000000000800c100        0xc c:/st/stm32cubeide_1.9.0/stm32cubeide/plugins/com.st.stm32cube.ide.mcu.externaltools.gnu-tools-for-stm32.10.3-2021.10.win32_1.0.0.202111181127/tools/bin/../lib/gcc/arm-none-eabi/10.3.1/../../../../arm-none-eabi/lib/thumb/v7-m/nofp\libc_nano.a(lib_a-strtod.o)
                                          0xd (size before relaxing)
 .rodata.fpi.1  0x000000000800c10c       0x14 c:/st/stm32cubeide_1.9.0/stm32cubeide/plugins/com.st.stm32cube.ide.mcu.externaltools.gnu-tools-for-stm32.10.3-2021.10.win32_1.0.0.202111181127/tools/bin/../lib/gcc/arm-none-eabi/10.3.1/../../../../arm-none-eabi/lib/thumb/v7-m/nofp\libc_nano.a(lib_a-strtod.o)
 .rodata.fpinan.0
                0x000000000800c120       0x14 c:/st/stm32cubeide_1.9.0/stm32cubeide/plugins/com.st.stm32cube.ide.mcu.externaltools.gnu-tools-for-stm32.10.3-2021.10.win32_1.0.0.202111181127/tools/bin/../lib/gcc/arm-none-eabi/10.3.1/../../../../arm-none-eabi/lib/thumb/v7-m/nofp\libc_nano.a(lib_a-strtod.o)
 *fill*         0x000000000800c134        0x4 
 .rodata.tinytens
                0x000000000800c138       0x28 c:/st/stm32cubeide_1.9.0/stm32cubeide/plugins/com.st.stm32cube.ide.mcu.externaltools.gnu-tools-for-stm32.10.3-2021.10.win32_1.0.0.202111181127/tools/bin/../lib/gcc/arm-none-eabi/10.3.1/../../../../arm-none-eabi/lib/thumb/v7-m/nofp\libc_nano.a(lib_a-strtod.o)
 .rodata._ctype_
                0x000000000800c160      0x101 c:/st/stm32cubeide_1.9.0/stm32cubeide/plugins/com.st.stm32cube.ide.mcu.externaltools.gnu-tools-for-stm32.10.3-2021.10.win32_1.0.0.202111181127/tools/bin/../lib/gcc/arm-none-eabi/10.3.1/../../../../arm-none-eabi/lib/thumb/v7-m/nofp\libc_nano.a(lib_a-ctype_.o)
                0x000000000800c160                _ctype_
 *fill*         0x000000000800c261        0x3 
 .rodata.__sf_fake_stderr
                0x000000000800c264       0x20 c:/st/stm32cubeide_1.9.0/stm32cubeide/plugins/com.st.stm32cube.ide.mcu.externaltools.gnu-tools-for-stm32.10.3-2021.10.win32_1.0.0.202111181127/tools/bin/../lib/gcc/arm-none-eabi/10.3.1/../../../../arm-none-eabi/lib/thumb/v7-m/nofp\libc_nano.a(lib_a-findfp.o)
                0x000000000800c264                __sf_fake_stderr
 .rodata.__sf_fake_stdin
                0x000000000800c284       0x20 c:/st/stm32cubeide_1.9.0/stm32cubeide/plugins/com.st.stm32cube.ide.mcu.externaltools.gnu-tools-for-stm32.10.3-2021.10.win32_1.0.0.202111181127/tools/bin/../lib/gcc/arm-none-eabi/10.3.1/../../../../arm-none-eabi/lib/thumb/v7-m/nofp\libc_nano.a(lib_a-findfp.o)
                0x000000000800c284                __sf_fake_stdin
 .rodata.__sf_fake_stdout
                0x000000000800c2a4       0x20 c:/st/stm32cubeide_1.9.0/stm32cubeide/plugins/com.st.stm32cube.ide.mcu.externaltools.gnu-tools-for-stm32.10.3-2021.10.win32_1.0.0.202111181127/tools/bin/../lib/gcc/arm-none-eabi/10.3.1/../../../../arm-none-eabi/lib/thumb/v7-m/nofp\libc_nano.a(lib_a-findfp.o)
                0x000000000800c2a4                __sf_fake_stdout
 .rodata.__gethex.str1.1
                0x000000000800c2c4       0x74 c:/st/stm32cubeide_1.9.0/stm32cubeide/plugins/com.st.stm32cube.ide.mcu.externaltools.gnu-tools-for-stm32.10.3-2021.10.win32_1.0.0.202111181127/tools/bin/../lib/gcc/arm-none-eabi/10.3.1/../../../../arm-none-eabi/lib/thumb/v7-m/nofp\libc_nano.a(lib_a-gdtoa-gethex.o)
 .rodata.str1.1
                0x000000000800c338        0x2 c:/st/stm32cubeide_1.9.0/stm32cubeide/plugins/com.st.stm32cube.ide.mcu.externaltools.gnu-tools-for-stm32.10.3-2021.10.win32_1.0.0.202111181127/tools/bin/../lib/gcc/arm-none-eabi/10.3.1/../../../../arm-none-eabi/lib/thumb/v7-m/nofp\libc_nano.a(lib_a-lnumeric.o)
                                          0x3 (size before relaxing)
 *fill*         0x000000000800c33a        0x2 
 .rodata._C_numeric_locale
                0x000000000800c33c        0xc c:/st/stm32cubeide_1.9.0/stm32cubeide/plugins/com.st.stm32cube.ide.mcu.externaltools.gnu-tools-for-stm32.10.3-2021.10.win32_1.0.0.202111181127/tools/bin/../lib/gcc/arm-none-eabi/10.3.1/../../../../arm-none-eabi/lib/thumb/v7-m/nofp\libc_nano.a(lib_a-lnumeric.o)
                0x000000000800c33c                _C_numeric_locale
 .rodata._setlocale_r.str1.1
                0x000000000800c348        0x8 c:/st/stm32cubeide_1.9.0/stm32cubeide/plugins/com.st.stm32cube.ide.mcu.externaltools.gnu-tools-for-stm32.10.3-2021.10.win32_1.0.0.202111181127/tools/bin/../lib/gcc/arm-none-eabi/10.3.1/../../../../arm-none-eabi/lib/thumb/v7-m/nofp\libc_nano.a(lib_a-locale.o)
                                          0x9 (size before relaxing)
 .rodata.str1.1
                0x000000000800c350        0x2 c:/st/stm32cubeide_1.9.0/stm32cubeide/plugins/com.st.stm32cube.ide.mcu.externaltools.gnu-tools-for-stm32.10.3-2021.10.win32_1.0.0.202111181127/tools/bin/../lib/gcc/arm-none-eabi/10.3.1/../../../../arm-none-eabi/lib/thumb/v7-m/nofp\libc_nano.a(lib_a-locale.o)
 .rodata._Balloc.str1.1
                0x000000000800c350       0x73 c:/st/stm32cubeide_1.9.0/stm32cubeide/plugins/com.st.stm32cube.ide.mcu.externaltools.gnu-tools-for-stm32.10.3-2021.10.win32_1.0.0.202111181127/tools/bin/../lib/gcc/arm-none-eabi/10.3.1/../../../../arm-none-eabi/lib/thumb/v7-m/nofp\libc_nano.a(lib_a-mprec.o)
 .rodata.__multadd.str1.1
                0x000000000800c3c3       0x11 c:/st/stm32cubeide_1.9.0/stm32cubeide/plugins/com.st.stm32cube.ide.mcu.externaltools.gnu-tools-for-stm32.10.3-2021.10.win32_1.0.0.202111181127/tools/bin/../lib/gcc/arm-none-eabi/10.3.1/../../../../arm-none-eabi/lib/thumb/v7-m/nofp\libc_nano.a(lib_a-mprec.o)
 *fill*         0x000000000800c3c3        0x5 
 .rodata.__mprec_bigtens
                0x000000000800c3c8       0x28 c:/st/stm32cubeide_1.9.0/stm32cubeide/plugins/com.st.stm32cube.ide.mcu.externaltools.gnu-tools-for-stm32.10.3-2021.10.win32_1.0.0.202111181127/tools/bin/../lib/gcc/arm-none-eabi/10.3.1/../../../../arm-none-eabi/lib/thumb/v7-m/nofp\libc_nano.a(lib_a-mprec.o)
                0x000000000800c3c8                __mprec_bigtens
 .rodata.__mprec_tens
                0x000000000800c3f0       0xc8 c:/st/stm32cubeide_1.9.0/stm32cubeide/plugins/com.st.stm32cube.ide.mcu.externaltools.gnu-tools-for-stm32.10.3-2021.10.win32_1.0.0.202111181127/tools/bin/../lib/gcc/arm-none-eabi/10.3.1/../../../../arm-none-eabi/lib/thumb/v7-m/nofp\libc_nano.a(lib_a-mprec.o)
                0x000000000800c3f0                __mprec_tens
 .rodata.p05.0  0x000000000800c4b8        0xc c:/st/stm32cubeide_1.9.0/stm32cubeide/plugins/com.st.stm32cube.ide.mcu.externaltools.gnu-tools-for-stm32.10.3-2021.10.win32_1.0.0.202111181127/tools/bin/../lib/gcc/arm-none-eabi/10.3.1/../../../../arm-none-eabi/lib/thumb/v7-m/nofp\libc_nano.a(lib_a-mprec.o)
 .rodata._vfprintf_r.str1.1
                0x000000000800c4c4       0x11 c:/st/stm32cubeide_1.9.0/stm32cubeide/plugins/com.st.stm32cube.ide.mcu.externaltools.gnu-tools-for-stm32.10.3-2021.10.win32_1.0.0.202111181127/tools/bin/../lib/gcc/arm-none-eabi/10.3.1/../../../../arm-none-eabi/lib/thumb/v7-m/nofp\libc_nano.a(lib_a-nano-vfprintf.o)
 .rodata._printf_i.str1.1
                0x000000000800c4d5       0x22 c:/st/stm32cubeide_1.9.0/stm32cubeide/plugins/com.st.stm32cube.ide.mcu.externaltools.gnu-tools-for-stm32.10.3-2021.10.win32_1.0.0.202111181127/tools/bin/../lib/gcc/arm-none-eabi/10.3.1/../../../../arm-none-eabi/lib/thumb/v7-m/nofp\libc_nano.a(lib_a-nano-vfprintf_i.o)
 .rodata.__assert_func.str1.1
                0x000000000800c4f7       0x3c c:/st/stm32cubeide_1.9.0/stm32cubeide/plugins/com.st.stm32cube.ide.mcu.externaltools.gnu-tools-for-stm32.10.3-2021.10.win32_1.0.0.202111181127/tools/bin/../lib/gcc/arm-none-eabi/10.3.1/../../../../arm-none-eabi/lib/thumb/v7-m/nofp\libc_nano.a(lib_a-assert.o)
                                         0x3d (size before relaxing)
                0x000000000800c534                . = ALIGN (0x4)
 *fill*         0x000000000800c533        0x1 

.rel.dyn        0x000000000800c534        0x0
 .rel.iplt      0x000000000800c534        0x0 c:/st/stm32cubeide_1.9.0/stm32cubeide/plugins/com.st.stm32cube.ide.mcu.externaltools.gnu-tools-for-stm32.10.3-2021.10.win32_1.0.0.202111181127/tools/bin/../lib/gcc/arm-none-eabi/10.3.1/thumb/v7-m/nofp/crtbegin.o

.ARM.extab      0x000000000800c534        0x0
                0x000000000800c534                . = ALIGN (0x4)
 *(.ARM.extab* .gnu.linkonce.armextab.*)
                0x000000000800c534                . = ALIGN (0x4)

.ARM            0x000000000800c534        0x0
                0x000000000800c534                . = ALIGN (0x4)
                0x000000000800c534                __exidx_start = .
 *(.ARM.exidx*)
                0x000000000800c534                __exidx_end = .
                0x000000000800c534                . = ALIGN (0x4)

.preinit_array  0x000000000800c534        0x0
                0x000000000800c534                . = ALIGN (0x4)
                0x000000000800c534                PROVIDE (__preinit_array_start = .)
 *(.preinit_array*)
                0x000000000800c534                PROVIDE (__preinit_array_end = .)
                0x000000000800c534                . = ALIGN (0x4)

.init_array     0x000000000800c534        0x4
                0x000000000800c534                . = ALIGN (0x4)
                0x000000000800c534                PROVIDE (__init_array_start = .)
 *(SORT_BY_NAME(.init_array.*))
 *(.init_array*)
 .init_array    0x000000000800c534        0x4 c:/st/stm32cubeide_1.9.0/stm32cubeide/plugins/com.st.stm32cube.ide.mcu.externaltools.gnu-tools-for-stm32.10.3-2021.10.win32_1.0.0.202111181127/tools/bin/../lib/gcc/arm-none-eabi/10.3.1/thumb/v7-m/nofp/crtbegin.o
                0x000000000800c538                PROVIDE (__init_array_end = .)
                0x000000000800c538                . = ALIGN (0x4)

.fini_array     0x000000000800c538        0x4
                0x000000000800c538                . = ALIGN (0x4)
                [!provide]                        PROVIDE (__fini_array_start = .)
 *(SORT_BY_NAME(.fini_array.*))
 *(.fini_array*)
 .fini_array    0x000000000800c538        0x4 c:/st/stm32cubeide_1.9.0/stm32cubeide/plugins/com.st.stm32cube.ide.mcu.externaltools.gnu-tools-for-stm32.10.3-2021.10.win32_1.0.0.202111181127/tools/bin/../lib/gcc/arm-none-eabi/10.3.1/thumb/v7-m/nofp/crtbegin.o
                [!provide]                        PROVIDE (__fini_array_end = .)
                0x000000000800c53c                . = ALIGN (0x4)