../Core/Src/stm32f1xx_it.c:74:6:NMI_Handler	4	static
../Core/Src/stm32f1xx_it.c:89:6:HardFault_Handler	4	static
../Core/Src/stm32f1xx_it.c:104:6:MemManage_Handler	4	static
../Core/Src/stm32f1xx_it.c:119:6:BusFault_Handler	4	static
../Core/Src/stm32f1xx_it.c:134:6:UsageFault_Handler	4	static
../Core/Src/stm32f1xx_it.c:149:6:SVC_Handler	4	static
../Core/Src/stm32f1xx_it.c:162:6:DebugMon_Handler	4	static
../Core/Src/stm32f1xx_it.c:175:6:PendSV_Handler	4	static
../Core/Src/stm32f1xx_it.c:188:6:SysTick_Handler	8	static
../Core/Src/stm32f1xx_it.c:212:6:EXTI9_5_IRQHandler	8	static
../Core/Src/stm32f1xx_it.c:227:6:TIM1_UP_IRQHandler	8	static
../Core/Src/stm32f1xx_it.c:241:6:TIM2_IRQHandler	8	static
../Core/Src/stm32f1xx_it.c:255:6:TIM3_IRQHandler	8	static
../Core/Src/stm32f1xx_it.c:269:6:TIM4_IRQHandler	8	static
../Core/Src/stm32f1xx_it.c:283:6:USART1_IRQHandler	8	static
../Core/Src/stm32f1xx_it.c:297:6:EXTI15_10_IRQHandler	8	static
